Component: ARM Compiler 5.06 update 7 (build 960) Tool: armlink [4d3601]

==============================================================================

Section Cross References

    main.o(i.init) refers to main.o(i.toogle_green_led) for toogle_green_led
    main.o(i.init) refers to rt_task.o(i.rt_tsk_create) for rt_tsk_create
    main.o(i.init) refers to main.o(.data) for taskID1
    main.o(i.init) refers to main.o(i.toogle_red_led) for toogle_red_led
    main.o(i.init) refers to rt_task.o(i.rt_tsk_delete) for rt_tsk_delete
    main.o(i.main) refers to main.o(i.init_led_gpio) for init_led_gpio
    main.o(i.main) refers to hal_cm4.o(.emb_text) for os_set_env
    main.o(i.main) refers to main.o(i.init) for init
    main.o(i.main) refers to rt_task.o(i.rt_sys_init) for rt_sys_init
    main.o(i.toogle_green_led) refers to main.o(i.toogle_led) for toogle_led
    main.o(i.toogle_red_led) refers to main.o(i.toogle_led) for toogle_led
    rtx_conf_cm.o(i.__user_perthread_libspace) refers to rt_task.o(i.rt_tsk_self) for rt_tsk_self
    rtx_conf_cm.o(i.__user_perthread_libspace) refers to rtx_conf_cm.o(.bss) for .bss
    rtx_conf_cm.o(i.__user_perthread_libspace) refers to libspace.o(.bss) for __libspace_start
    rtx_conf_cm.o(i._mutex_acquire) refers to rt_task.o(i.rt_tsk_self) for rt_tsk_self
    rtx_conf_cm.o(i._mutex_acquire) refers to rt_mutex.o(i.rt_mut_wait) for rt_mut_wait
    rtx_conf_cm.o(i._mutex_initialize) refers to rt_mutex.o(i.rt_mut_init) for rt_mut_init
    rtx_conf_cm.o(i._mutex_initialize) refers to rtx_conf_cm.o(.data) for .data
    rtx_conf_cm.o(i._mutex_initialize) refers to rtx_conf_cm.o(.bss) for .bss
    rtx_conf_cm.o(i._mutex_release) refers to rt_task.o(i.rt_tsk_self) for rt_tsk_self
    rtx_conf_cm.o(i._mutex_release) refers to rt_mutex.o(i.rt_mut_release) for rt_mut_release
    startup_stm32h743xx.o(STACK) refers (Special) to heapauxi.o(.text) for __use_two_region_memory
    startup_stm32h743xx.o(HEAP) refers (Special) to heapauxi.o(.text) for __use_two_region_memory
    startup_stm32h743xx.o(RESET) refers (Special) to heapauxi.o(.text) for __use_two_region_memory
    startup_stm32h743xx.o(RESET) refers to startup_stm32h743xx.o(STACK) for __initial_sp
    startup_stm32h743xx.o(RESET) refers to startup_stm32h743xx.o(.text) for Reset_Handler
    startup_stm32h743xx.o(RESET) refers to hal_cm4.o(.emb_text) for SVC_Handler
    startup_stm32h743xx.o(.text) refers (Special) to heapauxi.o(.text) for __use_two_region_memory
    startup_stm32h743xx.o(.text) refers to system_stm32h7xx.o(i.SystemInit) for SystemInit
    startup_stm32h743xx.o(.text) refers to __main.o(!!!main) for __main
    startup_stm32h743xx.o(.text) refers to startup_stm32h743xx.o(HEAP) for Heap_Mem
    startup_stm32h743xx.o(.text) refers to startup_stm32h743xx.o(STACK) for Stack_Mem
    system_stm32h7xx.o(i.SystemCoreClockUpdate) refers to system_stm32h7xx.o(.constdata) for D1CorePrescTable
    system_stm32h7xx.o(i.SystemCoreClockUpdate) refers to system_stm32h7xx.o(.data) for SystemD2Clock
    rt_task.o(i.rt_block) refers to rt_list.o(i.rt_put_dly) for rt_put_dly
    rt_task.o(i.rt_block) refers to rt_list.o(i.rt_get_first) for rt_get_first
    rt_task.o(i.rt_block) refers to rt_task.o(i.rt_switch_req) for rt_switch_req
    rt_task.o(i.rt_block) refers to rt_task.o(.data) for .data
    rt_task.o(i.rt_block) refers to rt_list.o(.bss) for os_rdy
    rt_task.o(i.rt_dispatch) refers to rt_list.o(i.rt_put_rdy_first) for rt_put_rdy_first
    rt_task.o(i.rt_dispatch) refers to rt_task.o(i.rt_switch_req) for rt_switch_req
    rt_task.o(i.rt_dispatch) refers to rt_list.o(i.rt_get_first) for rt_get_first
    rt_task.o(i.rt_dispatch) refers to rt_list.o(i.rt_put_prio) for rt_put_prio
    rt_task.o(i.rt_dispatch) refers to rt_task.o(.data) for .data
    rt_task.o(i.rt_dispatch) refers to rt_list.o(.bss) for os_rdy
    rt_task.o(i.rt_init_context) refers to rt_membox.o(i.rt_alloc_box) for rt_alloc_box
    rt_task.o(i.rt_init_context) refers to hal_cm4.o(i.rt_init_stack) for rt_init_stack
    rt_task.o(i.rt_init_context) refers to rtx_conf_cm.o(.bss) for mp_stk
    rt_task.o(i.rt_switch_req) refers to hal_cm4.o(i.dbg_task_switch) for dbg_task_switch
    rt_task.o(i.rt_switch_req) refers to rt_task.o(.data) for .data
    rt_task.o(i.rt_switch_req) refers to hal_cm4.o(.data) for dbg_msg
    rt_task.o(i.rt_sys_init) refers to hal_cm4.o(i.dbg_init) for dbg_init
    rt_task.o(i.rt_sys_init) refers to rt_membox.o(i._init_box) for _init_box
    rt_task.o(i.rt_sys_init) refers to rt_task.o(i.rt_init_context) for rt_init_context
    rt_task.o(i.rt_sys_init) refers to hal_cm4.o(.emb_text) for rt_set_PSP
    rt_task.o(i.rt_sys_init) refers to rt_robin.o(i.rt_init_robin) for rt_init_robin
    rt_task.o(i.rt_sys_init) refers to rt_system.o(i.os_tick_init) for os_tick_init
    rt_task.o(i.rt_sys_init) refers to rt_task.o(i.rt_tsk_create) for rt_tsk_create
    rt_task.o(i.rt_sys_init) refers to rtx_conf_cm.o(.bss) for os_active_TCB
[...]
    rt_mailbox.o(i.rt_mbx_send) refers to rt_list.o(i.rt_put_prio) for rt_put_prio
    rt_mailbox.o(i.rt_mbx_send) refers to rt_list.o(i.rt_get_first) for rt_get_first
    rt_mailbox.o(i.rt_mbx_send) refers to rt_list.o(i.rt_rmv_dly) for rt_rmv_dly
    rt_mailbox.o(i.rt_mbx_send) refers to rt_task.o(i.rt_dispatch) for rt_dispatch
    rt_mailbox.o(i.rt_mbx_send) refers to rt_task.o(i.rt_block) for rt_block
    rt_mailbox.o(i.rt_mbx_send) refers to rt_task.o(.data) for os_tsk
    rt_mailbox.o(i.rt_mbx_wait) refers to rt_list.o(i.rt_get_first) for rt_get_first
    rt_mailbox.o(i.rt_mbx_wait) refers to rt_list.o(i.rt_rmv_dly) for rt_rmv_dly
    rt_mailbox.o(i.rt_mbx_wait) refers to rt_task.o(i.rt_dispatch) for rt_dispatch
    rt_mailbox.o(i.rt_mbx_wait) refers to rt_list.o(i.rt_put_prio) for rt_put_prio
    rt_mailbox.o(i.rt_mbx_wait) refers to rt_task.o(i.rt_block) for rt_block
    rt_mailbox.o(i.rt_mbx_wait) refers to rt_task.o(.data) for os_tsk
    rt_semaphore.o(i.isr_sem_send) refers to rt_list.o(i.rt_psq_enq) for rt_psq_enq
    rt_semaphore.o(i.isr_sem_send) refers to rt_system.o(i.rt_psh_req) for rt_psh_req
    rt_semaphore.o(i.rt_sem_psh) refers to rt_list.o(i.rt_get_first) for rt_get_first
    rt_semaphore.o(i.rt_sem_psh) refers to rt_list.o(i.rt_rmv_dly) for rt_rmv_dly
    rt_semaphore.o(i.rt_sem_psh) refers to rt_list.o(i.rt_put_prio) for rt_put_prio
    rt_semaphore.o(i.rt_sem_psh) refers to rt_list.o(.bss) for os_rdy
    rt_semaphore.o(i.rt_sem_send) refers to rt_list.o(i.rt_get_first) for rt_get_first
    rt_semaphore.o(i.rt_sem_send) refers to rt_list.o(i.rt_rmv_dly) for rt_rmv_dly
    rt_semaphore.o(i.rt_sem_send) refers to rt_task.o(i.rt_dispatch) for rt_dispatch
    rt_semaphore.o(i.rt_sem_send) refers to rt_task.o(.data) for os_tsk
    rt_semaphore.o(i.rt_sem_wait) refers to rt_list.o(i.rt_put_prio) for rt_put_prio
    rt_semaphore.o(i.rt_sem_wait) refers to rt_task.o(i.rt_block) for rt_block
    rt_semaphore.o(i.rt_sem_wait) refers to rt_task.o(.data) for os_tsk
    rt_time.o(i.rt_dly_wait) refers to rt_task.o(i.rt_block) for rt_block
    rt_time.o(i.rt_itv_set) refers to rt_task.o(.data) for os_tsk
    rt_time.o(i.rt_itv_set) refers to rt_time.o(.data) for .data
    rt_time.o(i.rt_itv_wait) refers to rt_task.o(i.rt_block) for rt_block
    rt_time.o(i.rt_itv_wait) refers to rt_task.o(.data) for os_tsk
    rt_time.o(i.rt_itv_wait) refers to rt_time.o(.data) for .data
    rt_time.o(i.rt_time_get) refers to rt_time.o(.data) for .data
    rt_timer.o(i.rt_tmr_create) refers to rt_membox.o(i.rt_alloc_box) for rt_alloc_box
    rt_timer.o(i.rt_tmr_create) refers to rtx_conf_cm.o(.data) for m_tmr
    rt_timer.o(i.rt_tmr_create) refers to rt_timer.o(.data) for .data
    rt_timer.o(i.rt_tmr_kill) refers to rt_membox.o(i.rt_free_box) for rt_free_box
    rt_timer.o(i.rt_tmr_kill) refers to rt_timer.o(.data) for .data
    rt_timer.o(i.rt_tmr_kill) refers to rtx_conf_cm.o(.data) for m_tmr
    rt_timer.o(i.rt_tmr_tick) refers to rtx_conf_cm.o(i.os_tmr_call) for os_tmr_call
    rt_timer.o(i.rt_tmr_tick) refers to rt_membox.o(i.rt_free_box) for rt_free_box
    rt_timer.o(i.rt_tmr_tick) refers to rt_timer.o(.data) for .data
    rt_timer.o(i.rt_tmr_tick) refers to rtx_conf_cm.o(.data) for m_tmr
    libspace.o(.text) refers to libspace.o(.bss) for __libspace_start
    __main.o(!!!main) refers to __rtentry.o(.ARM.Collect$$rtentry$$00000000) for __rt_entry
    __rtentry.o(.ARM.Collect$$rtentry$$00000000) refers (Special) to __rtentry2.o(.ARM.Collect$$rtentry$$0000000A) for __rt_entry_li
    __rtentry.o(.ARM.Collect$$rtentry$$00000000) refers (Special) to __rtentry2.o(.ARM.Collect$$rtentry$$0000000D) for __rt_entry_main
    __rtentry.o(.ARM.Collect$$rtentry$$00000000) refers (Special) to __rtentry2.o(.ARM.Collect$$rtentry$$0000000C) for __rt_entry_postli_1
    __rtentry.o(.ARM.Collect$$rtentry$$00000000) refers (Special) to __rtentry2.o(.ARM.Collect$$rtentry$$00000009) for __rt_entry_postsh_1
    __rtentry.o(.ARM.Collect$$rtentry$$00000000) refers (Special) to __rtentry2.o(.ARM.Collect$$rtentry$$00000002) for __rt_entry_presh_1
    __rtentry.o(.ARM.Collect$$rtentry$$00000000) refers (Special) to __rtentry4.o(.ARM.Collect$$rtentry$$00000004) for __rt_entry_sh
    __rtentry2.o(.ARM.Collect$$rtentry$$00000008) refers to boardinit2.o(.text) for _platform_post_stackheap_init
    __rtentry2.o(.ARM.Collect$$rtentry$$0000000A) refers to libinit.o(.ARM.Collect$$libinit$$00000000) for __rt_lib_init
    __rtentry2.o(.ARM.Collect$$rtentry$$0000000B) refers to boardinit3.o(.text) for _platform_post_lib_init
    __rtentry2.o(.ARM.Collect$$rtentry$$0000000D) refers to main.o(i.main) for main
    __rtentry2.o(.ARM.Collect$$rtentry$$0000000D) refers to exit.o(.text) for exit
    __rtentry2.o(.ARM.exidx) refers to __rtentry2.o(.ARM.Collect$$rtentry$$00000001) for .ARM.Collect$$rtentry$$00000001
    __rtentry2.o(.ARM.exidx) refers to __rtentry2.o(.ARM.Collect$$rtentry$$00000008) for .ARM.Collect$$rtentry$$00000008
    __rtentry2.o(.ARM.exidx) refers to __rtentry2.o(.ARM.Collect$$rtentry$$0000000A) for .ARM.Collect$$rtentry$$0000000A
    __rtentry2.o(.ARM.exidx) refers to __rtentry2.o(.ARM.Collect$$rtentry$$0000000B) for .ARM.Collect$$rtentry$$0000000B
    __rtentry2.o(.ARM.exidx) refers to __rtentry2.o(.ARM.Collect$$rtentry$$0000000D) for .ARM.Collect$$rtentry$$0000000D
    __rtentry4.o(.ARM.Collect$$rtentry$$00000004) refers to sys_stackheap_outer.o(.text) for __user_setup_stackheap
    __rtentry4.o(.ARM.exidx) refers to __rtentry4.o(.ARM.Collect$$rtentry$$00000004) for .ARM.Collect$$rtentry$$00000004
    sys_stackheap_outer.o(.text) refers to libspace.o(.text) for __user_perproc_libspace
    sys_stackheap_outer.o(.text) refers to startup_stm32h743xx.o(.text) for __user_initial_stackheap
    exit.o(.text) refers to rtexit.o(.ARM.Collect$$rtexit$$00000000) for __rt_exit
    libinit.o(.ARM.Collect$$libinit$$00000000) refers (Special) to libinit2.o(.ARM.Collect$$libinit$$0000002E) for __rt_lib_init_alloca_1
    libinit.o(.ARM.Collect$$libinit$$00000000) refers (Special) to libinit2.o(.ARM.Collect$$libinit$$0000002C) for __rt_lib_init_argv_1
    libinit.o(.ARM.Collect$$libinit$$00000000) refers (Special) to libinit2.o(.ARM.Collect$$libinit$$0000001B) for __rt_lib_init_atexit_1
    libinit.o(.ARM.Collect$$libinit$$00000000) refers (Special) to libinit2.o(.ARM.Collect$$libinit$$00000021) for __rt_lib_init_clock_1
    libinit.o(.ARM.Collect$$libinit$$00000000) refers (Special) to libinit2.o(.ARM.Collect$$libinit$$00000032) for __rt_lib_init_cpp_1
    libinit.o(.ARM.Collect$$libinit$$00000000) refers (Special) to libinit2.o(.ARM.Collect$$libinit$$00000030) for __rt_lib_init_exceptions_1
    libinit.o(.ARM.Collect$$libinit$$00000000) refers (Special) to libinit2.o(.ARM.Collect$$libinit$$00000001) for __rt_lib_init_fp_1
    libinit.o(.ARM.Collect$$libinit$$00000000) refers (Special) to libinit2.o(.ARM.Collect$$libinit$$0000001F) for __rt_lib_init_fp_trap_1
    libinit.o(.ARM.Collect$$libinit$$00000000) refers (Special) to libinit2.o(.ARM.Collect$$libinit$$00000023) for __rt_lib_init_getenv_1
    libinit.o(.ARM.Collect$$libinit$$00000000) refers (Special) to libinit2.o(.ARM.Collect$$libinit$$0000000A) for __rt_lib_init_heap_1
    libinit.o(.ARM.Collect$$libinit$$00000000) refers (Special) to libinit2.o(.ARM.Collect$$libinit$$00000011) for __rt_lib_init_lc_collate_1
    libinit.o(.ARM.Collect$$libinit$$00000000) refers (Special) to libinit2.o(.ARM.Collect$$libinit$$00000013) for __rt_lib_init_lc_ctype_1
    libinit.o(.ARM.Collect$$libinit$$00000000) refers (Special) to libinit2.o(.ARM.Collect$$libinit$$00000015) for __rt_lib_init_lc_monetary_1
    libinit.o(.ARM.Collect$$libinit$$00000000) refers (Special) to libinit2.o(.ARM.Collect$$libinit$$00000017) for __rt_lib_init_lc_numeric_1
    libinit.o(.ARM.Collect$$libinit$$00000000) refers (Special) to libinit2.o(.ARM.Collect$$libinit$$00000019) for __rt_lib_init_lc_time_1
    libinit.o(.ARM.Collect$$libinit$$00000000) refers (Special) to libinit2.o(.ARM.Collect$$libinit$$00000004) for __rt_lib_init_preinit_1
    libinit.o(.ARM.Collect$$libinit$$00000000) refers (Special) to libinit2.o(.ARM.Collect$$libinit$$0000000E) for __rt_lib_init_rand_1
    libinit.o(.ARM.Collect$$libinit$$00000000) refers (Special) to libinit2.o(.ARM.Collect$$libinit$$00000033) for __rt_lib_init_return
    libinit.o(.ARM.Collect$$libinit$$00000000) refers (Special) to libinit2.o(.ARM.Collect$$libinit$$0000001D) for __rt_lib_init_signal_1
    libinit.o(.ARM.Collect$$libinit$$00000000) refers (Special) to libinit2.o(.ARM.Collect$$libinit$$00000025) for __rt_lib_init_stdio_1
    libinit.o(.ARM.Collect$$libinit$$00000000) refers (Special) to libinit2.o(.ARM.Collect$$libinit$$0000000C) for __rt_lib_init_user_alloc_1
    rtexit.o(.ARM.Collect$$rtexit$$00000000) refers (Special) to rtexit2.o(.ARM.Collect$$rtexit$$00000004) for __rt_exit_exit
    rtexit.o(.ARM.Collect$$rtexit$$00000000) refers (Special) to rtexit2.o(.ARM.Collect$$rtexit$$00000003) for __rt_exit_ls
    rtexit.o(.ARM.Collect$$rtexit$$00000000) refers (Special) to rtexit2.o(.ARM.Collect$$rtexit$$00000002) for __rt_exit_prels_1
    rtexit.o(.ARM.exidx) refers (Special) to rtexit2.o(.ARM.Collect$$rtexit$$00000004) for __rt_exit_exit
    rtexit.o(.ARM.exidx) refers (Special) to rtexit2.o(.ARM.Collect$$rtexit$$00000003) for __rt_exit_ls
    rtexit.o(.ARM.exidx) refers (Special) to rtexit2.o(.ARM.Collect$$rtexit$$00000002) for __rt_exit_prels_1
    rtexit.o(.ARM.exidx) refers to rtexit.o(.ARM.Collect$$rtexit$$00000000) for .ARM.Collect$$rtexit$$00000000
    libinit2.o(.ARM.Collect$$libinit$$00000001) refers to fpinit.o(x$fpl$fpinit) for _fp_init
    libinit2.o(.ARM.Collect$$libinit$$00000010) refers to libinit2.o(.ARM.Collect$$libinit$$0000000F) for .ARM.Collect$$libinit$$0000000F
    libinit2.o(.ARM.Collect$$libinit$$00000012) refers to libinit2.o(.ARM.Collect$$libinit$$0000000F) for .ARM.Collect$$libinit$$0000000F
    libinit2.o(.ARM.Collect$$libinit$$00000014) refers to libinit2.o(.ARM.Collect$$libinit$$0000000F) for .ARM.Collect$$libinit$$0000000F
    libinit2.o(.ARM.Collect$$libinit$$00000016) refers to libinit2.o(.ARM.Collect$$libinit$$0000000F) for .ARM.Collect$$libinit$$0000000F
    libinit2.o(.ARM.Collect$$libinit$$00000018) refers to libinit2.o(.ARM.Collect$$libinit$$0000000F) for .ARM.Collect$$libinit$$0000000F
    libinit2.o(.ARM.Collect$$libinit$$00000026) refers to argv_veneer.o(.emb_text) for __ARM_argv_veneer
    libinit2.o(.ARM.Collect$$libinit$$00000027) refers to argv_veneer.o(.emb_text) for __ARM_argv_veneer
    rtexit2.o(.ARM.Collect$$rtexit$$00000003) refers to libshutdown.o(.ARM.Collect$$libshutdown$$00000000) for __rt_lib_shutdown
    rtexit2.o(.ARM.Collect$$rtexit$$00000004) refers to sys_exit.o(.text) for _sys_exit
    rtexit2.o(.ARM.exidx) refers to rtexit2.o(.ARM.Collect$$rtexit$$00000001) for .ARM.Collect$$rtexit$$00000001
    rtexit2.o(.ARM.exidx) refers to rtexit2.o(.ARM.Collect$$rtexit$$00000003) for .ARM.Collect$$rtexit$$00000003
    rtexit2.o(.ARM.exidx) refers to rtexit2.o(.ARM.Collect$$rtexit$$00000004) for .ARM.Collect$$rtexit$$00000004
    argv_veneer.o(.emb_text) refers to no_argv.o(.text) for __ARM_get_argv
    sys_exit.o(.text) refers (Special) to use_no_semi.o(.text) for __I$use$semihosting
    sys_exit.o(.text) refers (Special) to indicate_semi.o(.text) for __semihosting_library_function
    _get_argv_nomalloc.o(.text) refers (Special) to hrguard.o(.text) for __heap_region$guard
    _get_argv_nomalloc.o(.text) refers to defsig_rtmem_outer.o(.text) for __rt_SIGRTMEM
    _get_argv_nomalloc.o(.text) refers to sys_command.o(.text) for _sys_command_string
    libshutdown.o(.ARM.Collect$$libshutdown$$00000000) refers (Special) to libshutdown2.o(.ARM.Collect$$libshutdown$$00000004) for __rt_lib_shutdown_cpp_1
    libshutdown.o(.ARM.Collect$$libshutdown$$00000000) refers (Special) to libshutdown2.o(.ARM.Collect$$libshutdown$$00000002) for __rt_lib_shutdown_fini_1
    libshutdown.o(.ARM.Collect$$libshutdown$$00000000) refers (Special) to libshutdown2.o(.ARM.Collect$$libshutdown$$00000009) for __rt_lib_shutdown_fp_trap_1
    libshutdown.o(.ARM.Collect$$libshutdown$$00000000) refers (Special) to libshutdown2.o(.ARM.Collect$$libshutdown$$00000011) for __rt_lib_shutdown_heap_1
    libshutdown.o(.ARM.Collect$$libshutdown$$00000000) refers (Special) to libshutdown2.o(.ARM.Collect$$libshutdown$$00000012) for __rt_lib_shutdown_return
    libshutdown.o(.ARM.Collect$$libshutdown$$00000000) refers (Special) to libshutdown2.o(.ARM.Collect$$libshutdown$$0000000C) for __rt_lib_shutdown_signal_1
    libshutdown.o(.ARM.Collect$$libshutdown$$00000000) refers (Special) to libshutdown2.o(.ARM.Collect$$libshutdown$$00000006) for __rt_lib_shutdown_stdio_1
    libshutdown.o(.ARM.Collect$$libshutdown$$00000000) refers (Special) to libshutdown2.o(.ARM.Collect$$libshutdown$$0000000E) for __rt_lib_shutdown_user_alloc_1
    sys_command.o(.text) refers (Special) to use_no_semi.o(.text) for __I$use$semihosting
    sys_command.o(.text) refers (Special) to indicate_semi.o(.text) for __semihosting_library_function
    defsig_rtmem_outer.o(.text) refers to defsig_rtmem_inner.o(.text) for __rt_SIGRTMEM_inner
    defsig_rtmem_outer.o(.text) refers to defsig_exit.o(.text) for __sig_exit
    defsig_rtmem_formal.o(.text) refers to rt_raise.o(.text) for __rt_raise
    rt_raise.o(.text) refers to __raise.o(.text) for __raise
    rt_raise.o(.text) refers to sys_exit.o(.text) for _sys_exit
    defsig_exit.o(.text) refers to sys_exit.o(.text) for _sys_exit
    defsig_rtmem_inner.o(.text) refers to defsig_general.o(.text) for __default_signal_display
    __raise.o(.text) refers to defsig.o(CL$$defsig) for __default_signal_handler
    defsig_general.o(.text) refers to sys_wrch.o(.text) for _ttywrch
    sys_wrch.o(.text) refers (Special) to use_no_semi.o(.text) for __I$use$semihosting
    sys_wrch.o(.text) refers (Special) to indicate_semi.o(.text) for __semihosting_library_function
    defsig.o(CL$$defsig) refers to defsig_rtmem_inner.o(.text) for __rt_SIGRTMEM_inner
    defsig_abrt_inner.o(.text) refers to defsig_general.o(.text) for __default_signal_display
    defsig_fpe_inner.o(.text) refers to defsig_general.o(.text) for __default_signal_display
    defsig_rtred_inner.o(.text) refers to defsig_general.o(.text) for __default_signal_display
    defsig_stak_inner.o(.text) refers to defsig_general.o(.text) for __default_signal_display
    defsig_pvfn_inner.o(.text) refers to defsig_general.o(.text) for __default_signal_display
    defsig_cppl_inner.o(.text) refers to defsig_general.o(.text) for __default_signal_display
    defsig_segv_inner.o(.text) refers to defsig_general.o(.text) for __default_signal_display
    defsig_other.o(.text) refers to defsig_general.o(.text) for __default_signal_display


==============================================================================

Removing Unused input sections from the image.

    Removing main.o(.rev16_text), (4 bytes).
    Removing main.o(.revsh_text), (4 bytes).
    Removing main.o(.rrx_text), (6 bytes).
    Removing rtx_conf_cm.o(i.__user_perthread_libspace), (36 bytes).
    Removing rtx_conf_cm.o(i._mutex_initialize), (44 bytes).
    Removing system_stm32h7xx.o(.rev16_text), (4 bytes).
    Removing system_stm32h7xx.o(.revsh_text), (4 bytes).
    Removing system_stm32h7xx.o(.rrx_text), (6 bytes).
    Removing system_stm32h7xx.o(i.SystemCoreClockUpdate), (564 bytes).
    Removing system_stm32h7xx.o(.constdata), (16 bytes).
    Removing system_stm32h7xx.o(.data), (8 bytes).
    Removing rt_task.o(i.rt_tsk_pass), (48 bytes).
    Removing rt_task.o(i.rt_tsk_prio), (140 bytes).
    Removing rt_mutex.o(i.rt_mut_init), (16 bytes).
    Removing rt_system.o(.emb_text), (0 bytes).
    Removing rt_system.o(i.rt_psh_req), (32 bytes).
    Removing rt_system.o(i.rt_resume), (176 bytes).
    Removing rt_system.o(i.rt_suspend), (44 bytes).
    Removing rt_system.o(i.rt_tsk_lock), (80 bytes).
    Removing rt_system.o(i.rt_tsk_unlock), (80 bytes).
    Removing rt_list.o(i.rt_get_same_rdy_prio), (36 bytes).
    Removing rt_list.o(i.rt_psq_enq), (92 bytes).
    Removing rt_membox.o(i._calloc_box), (30 bytes).
    Removing rt_event.o(i.isr_evt_set), (40 bytes).
    Removing rt_event.o(i.rt_evt_clr), (28 bytes).
    Removing rt_event.o(i.rt_evt_get), (12 bytes).
    Removing rt_event.o(i.rt_evt_set), (96 bytes).
    Removing rt_event.o(i.rt_evt_wait), (60 bytes).
    Removing rt_mailbox.o(i.isr_mbx_receive), (86 bytes).
    Removing rt_mailbox.o(i.isr_mbx_send), (14 bytes).
    Removing rt_mailbox.o(i.rt_mbx_check), (8 bytes).
    Removing rt_mailbox.o(i.rt_mbx_init), (24 bytes).
    Removing rt_mailbox.o(i.rt_mbx_send), (164 bytes).
    Removing rt_mailbox.o(i.rt_mbx_wait), (188 bytes).
    Removing rt_semaphore.o(i.isr_sem_send), (16 bytes).
    Removing rt_semaphore.o(i.rt_sem_init), (12 bytes).
    Removing rt_semaphore.o(i.rt_sem_send), (56 bytes).
    Removing rt_semaphore.o(i.rt_sem_wait), (64 bytes).
    Removing rt_time.o(i.rt_dly_wait), (6 bytes).
    Removing rt_time.o(i.rt_itv_set), (24 bytes).
    Removing rt_time.o(i.rt_itv_wait), (40 bytes).
    Removing rt_time.o(i.rt_time_get), (12 bytes).
    Removing rt_timer.o(i.rt_tmr_create), (80 bytes).
    Removing rt_timer.o(i.rt_tmr_kill), (52 bytes).

44 unused section(s) (total 2552 bytes) removed from the image.

==============================================================================

Image Symbol Table

    Local Symbols

    Symbol Name                              Value     Ov Type        Size  Object(Section)

    ../clib/angel/boardlib.s                 0x00000000   Number         0  boardshut.o ABSOLUTE
    ../clib/angel/boardlib.s                 0x00000000   Number         0  boardinit2.o ABSOLUTE
    ../clib/angel/boardlib.s                 0x00000000   Number         0  boardinit3.o ABSOLUTE
    ../clib/angel/boardlib.s                 0x00000000   Number         0  boardinit1.o ABSOLUTE
    ../clib/angel/handlers.s                 0x00000000   Number         0  __scatter_copy.o ABSOLUTE
    ../clib/angel/handlers.s                 0x00000000   Number         0  __scatter_zi.o ABSOLUTE
    ../clib/angel/kernel.s                   0x00000000   Number         0  __rtentry4.o ABSOLUTE
    ../clib/angel/kernel.s                   0x00000000   Number         0  __rtentry.o ABSOLUTE
    ../clib/angel/kernel.s                   0x00000000   Number         0  __rtentry2.o ABSOLUTE
    ../clib/angel/kernel.s                   0x00000000   Number         0  rtexit2.o ABSOLUTE
    ../clib/angel/kernel.s                   0x00000000   Number         0  rtexit.o ABSOLUTE
    ../clib/angel/rt.s                       0x00000000   Number         0  rt_raise.o ABSOLUTE
    ../clib/angel/scatter.s                  0x00000000   Number         0  __scatter.o ABSOLUTE
    ../clib/angel/startup.s                  0x00000000   Number         0  __main.o ABSOLUTE
    ../clib/angel/sys.s                      0x00000000   Number         0  libspace.o ABSOLUTE
    ../clib/angel/sys.s                      0x00000000   Number         0  sys_stackheap_outer.o ABSOLUTE
    ../clib/angel/sys.s                      0x00000000   Number         0  use_no_semi.o ABSOLUTE
    ../clib/angel/sys.s                      0x00000000   Number         0  indicate_semi.o ABSOLUTE
    ../clib/angel/sysapp.c                   0x00000000   Number         0  sys_wrch.o ABSOLUTE
    ../clib/angel/sysapp.c                   0x00000000   Number         0  sys_exit.o ABSOLUTE
    ../clib/angel/sysapp.c                   0x00000000   Number         0  sys_command.o ABSOLUTE
    ../clib/armsys.c                         0x00000000   Number         0  no_argv.o ABSOLUTE
    ../clib/armsys.c                         0x00000000   Number         0  _get_argv_nomalloc.o ABSOLUTE
    ../clib/armsys.c                         0x00000000   Number         0  argv_veneer.o ABSOLUTE
    ../clib/armsys.c                         0x00000000   Number         0  argv_veneer.o ABSOLUTE
    ../clib/heapalloc.c                      0x00000000   Number         0  hrguard.o ABSOLUTE
    ../clib/heapaux.c                        0x00000000   Number         0  heapauxi.o ABSOLUTE
    ../clib/libinit.s                        0x00000000   Number         0  libinit2.o ABSOLUTE
    ../clib/libinit.s                        0x00000000   Number         0  libshutdown2.o ABSOLUTE
    ../clib/libinit.s                        0x00000000   Number         0  libinit.o ABSOLUTE
    ../clib/libinit.s                        0x00000000   Number         0  libshutdown.o ABSOLUTE
    ../clib/signal.c                         0x00000000   Number         0  defsig_other.o ABSOLUTE
    ../clib/signal.c                         0x00000000   Number         0  defsig_segv_inner.o ABSOLUTE
    ../clib/signal.c                         0x00000000   Number         0  defsig_cppl_inner.o ABSOLUTE
    ../clib/signal.c                         0x00000000   Number         0  defsig_pvfn_inner.o ABSOLUTE
    ../clib/signal.c                         0x00000000   Number         0  defsig_rtmem_inner.o ABSOLUTE
    ../clib/signal.c                         0x00000000   Number         0  __raise.o ABSOLUTE
    ../clib/signal.c                         0x00000000   Number         0  defsig_general.o ABSOLUTE
    ../clib/signal.c                         0x00000000   Number         0  defsig_abrt_inner.o ABSOLUTE
    ../clib/signal.c                         0x00000000   Number         0  defsig_fpe_inner.o ABSOLUTE
    ../clib/signal.c                         0x00000000   Number         0  defsig_rtmem_formal.o ABSOLUTE
    ../clib/signal.c                         0x00000000   Number         0  defsig_rtmem_outer.o ABSOLUTE
    ../clib/signal.c                         0x00000000   Number         0  defsig_rtred_inner.o ABSOLUTE
    ../clib/signal.c                         0x00000000   Number         0  defsig_stak_inner.o ABSOLUTE
    ../clib/signal.c                         0x00000000   Number         0  defsig_exit.o ABSOLUTE
    ../clib/signal.s                         0x00000000   Number         0  defsig.o ABSOLUTE
    ../clib/stdlib.c                         0x00000000   Number         0  exit.o ABSOLUTE
    ../fplib/fpinit.s                        0x00000000   Number         0  fpinit.o ABSOLUTE
    RTE/Device/STM32H743ZITx/startup_stm32h743xx.s 0x00000000   Number         0  startup_stm32h743xx.o ABSOLUTE
    RTE/Device/STM32H743ZITx/system_stm32h7xx.c 0x00000000   Number         0  system_stm32h7xx.o ABSOLUTE
    RTE\Device\STM32H743ZITx\system_stm32h7xx.c 0x00000000   Number         0  system_stm32h7xx.o ABSOLUTE
    RTX_Conf_CM.c                            0x00000000   Number         0  rtx_conf_cm.o ABSOLUTE
    SRC\CM\HAL_CM4.c                         0x00000000   Number         0  hal_cm4.o ABSOLUTE
    SRC\CM\SVC_Table.s                       0x00000000   Number         0  svc_table.o ABSOLUTE
    SRC\CM\rt_Event.c                        0x00000000   Number         0  rt_event.o ABSOLUTE
    SRC\CM\rt_List.c                         0x00000000   Number         0  rt_list.o ABSOLUTE
    SRC\CM\rt_Mailbox.c                      0x00000000   Number         0  rt_mailbox.o ABSOLUTE
    SRC\CM\rt_MemBox.c                       0x00000000   Number         0  rt_membox.o ABSOLUTE
    SRC\CM\rt_Mutex.c                        0x00000000   Number         0  rt_mutex.o ABSOLUTE
    SRC\CM\rt_Robin.c                        0x00000000   Number         0  rt_robin.o ABSOLUTE
    SRC\CM\rt_Semaphore.c                    0x00000000   Number         0  rt_semaphore.o ABSOLUTE
    SRC\CM\rt_System.c                       0x00000000   Number         0  rt_system.o ABSOLUTE
    SRC\CM\rt_Task.c                         0x00000000   Number         0  rt_task.o ABSOLUTE
    SRC\CM\rt_Time.c                         0x00000000   Number         0  rt_time.o ABSOLUTE
    SRC\CM\rt_Timer.c                        0x00000000   Number         0  rt_timer.o ABSOLUTE
    SRC\\CM\\HAL_CM4.c                       0x00000000   Number         0  hal_cm4.o ABSOLUTE
    SRC\\CM\\rt_System.c                     0x00000000   Number         0  rt_system.o ABSOLUTE
    dc.s                                     0x00000000   Number         0  dc.o ABSOLUTE
    main.c                                   0x00000000   Number         0  main.o ABSOLUTE
    main.c                                   0x00000000   Number         0  main.o ABSOLUTE
    RESET                                    0x08000000   Section      664  startup_stm32h743xx.o(RESET)
    !!!main                                  0x08000298   Section        8  __main.o(!!!main)
    !!!scatter                               0x080002a0   Section       52  __scatter.o(!!!scatter)
    !!handler_copy                           0x080002d4   Section       26  __scatter_copy.o(!!handler_copy)
    !!handler_zi                             0x080002f0   Section       28  __scatter_zi.o(!!handler_zi)
    .ARM.Collect$$libshutdown$$00000000      0x0800030c   Section        2  libshutdown.o(.ARM.Collect$$libshutdown$$00000000)
    .ARM.Collect$$libshutdown$$00000002      0x0800030e   Section        0  libshutdown2.o(.ARM.Collect$$libshutdown$$00000002)
    .ARM.Collect$$libshutdown$$00000004      0x0800030e   Section        0  libshutdown2.o(.ARM.Collect$$libshutdown$$00000004)
    .ARM.Collect$$libshutdown$$00000006      0x0800030e   Section        0  libshutdown2.o(.ARM.Collect$$libshutdown$$00000006)
    .ARM.Collect$$libshutdown$$00000009      0x0800030e   Section        0  libshutdown2.o(.ARM.Collect$$libshutdown$$00000009)
    .ARM.Collect$$libshutdown$$0000000C      0x0800030e   Section        0  libshutdown2.o(.ARM.Collect$$libshutdown$$0000000C)
    .ARM.Collect$$libshutdown$$0000000E      0x0800030e   Section        0  libshutdown2.o(.ARM.Collect$$libshutdown$$0000000E)
    .ARM.Collect$$libshutdown$$00000011      0x0800030e   Section        0  libshutdown2.o(.ARM.Collect$$libshutdown$$00000011)
    .ARM.Collect$$libshutdown$$00000012      0x0800030e   Section        2  libshutdown2.o(.ARM.Collect$$libshutdown$$00000012)
    .ARM.Collect$$rtentry$$00000000          0x08000310   Section        0  __rtentry.o(.ARM.Collect$$rtentry$$00000000)
    .ARM.Collect$$rtentry$$00000002          0x08000310   Section        0  __rtentry2.o(.ARM.Collect$$rtentry$$00000002)
    .ARM.Collect$$rtentry$$00000004          0x08000310   Section        6  __rtentry4.o(.ARM.Collect$$rtentry$$00000004)
    .ARM.Collect$$rtentry$$00000009          0x08000316   Section        0  __rtentry2.o(.ARM.Collect$$rtentry$$00000009)
    .ARM.Collect$$rtentry$$0000000A          0x08000316   Section        4  __rtentry2.o(.ARM.Collect$$rtentry$$0000000A)
    .ARM.Collect$$rtentry$$0000000C          0x0800031a   Section        0  __rtentry2.o(.ARM.Collect$$rtentry$$0000000C)
    .ARM.Collect$$rtentry$$0000000D          0x0800031a   Section        8  __rtentry2.o(.ARM.Collect$$rtentry$$0000000D)
    .text                                    0x08000324   Section        0  sys_exit.o(.text)
    .text                                    0x08000330   Section        0  indicate_semi.o(.text)
    SVC_TABLE                                0x08000330   Section        4  svc_table.o(SVC_TABLE)
    i._mutex_release                         0x08000334   Section        0  rtx_conf_cm.o(i._mutex_release)
    __tagsym$$used                           0x08000335   Number         0  rtx_conf_cm.o(i._mutex_release)
    i.dbg_task_notify                        0x08000350   Section        0  hal_cm4.o(i.dbg_task_notify)
    i.init                                   0x08000370   Section        0  main.o(i.init)
    i.init_led_gpio                          0x080003b8   Section        0  main.o(i.init_led_gpio)
    init_led_gpio                            0x080003b9   Thumb Code    98  main.o(i.init_led_gpio)
    i.main                                   0x0800042c   Section        0  main.o(i.main)
    i.os_error                               0x08000450   Section        0  rtx_conf_cm.o(i.os_error)
    i.os_tick_irqack                         0x08000454   Section        0  rt_system.o(i.os_tick_irqack)
    i.os_tmr_call                            0x08000456   Section        0  rtx_conf_cm.o(i.os_tmr_call)
    i.rt_block                               0x0800045c   Section        0  rt_task.o(i.rt_block)
    i.rt_chk_robin                           0x08000494   Section        0  rt_robin.o(i.rt_chk_robin)
    i.rt_dispatch                            0x080004dc   Section        0  rt_task.o(i.rt_dispatch)
    i.rt_evt_psh                             0x08000520   Section        0  rt_event.o(i.rt_evt_psh)
    i.rt_get_first                           0x0800056c   Section        0  rt_list.o(i.rt_get_first)
    i.rt_init_robin                          0x08000594   Section        0  rt_robin.o(i.rt_init_robin)
    i.rt_mut_release                         0x080005ac   Section        0  rt_mutex.o(i.rt_mut_release)
    i.rt_mut_wait                            0x08000690   Section        0  rt_mutex.o(i.rt_mut_wait)
    i.rt_rmv_list                            0x080006f8   Section        0  rt_list.o(i.rt_rmv_list)
    i.rt_sem_psh                             0x08000728   Section        0  rt_semaphore.o(i.rt_sem_psh)
    i.rt_switch_req                          0x0800075c   Section        0  rt_task.o(i.rt_switch_req)
    i.rt_sys_init                            0x08000784   Section        0  rt_task.o(i.rt_sys_init)
    i.rt_systick                             0x080008d8   Section        0  rt_system.o(i.rt_systick)
    i.rt_tsk_create                          0x08000918   Section        0  rt_task.o(i.rt_tsk_create)
    i.rt_tsk_self                            0x080009a8   Section        0  rt_task.o(i.rt_tsk_self)
    i.toogle_green_led                       0x080009b8   Section        0  main.o(i.toogle_green_led)
    i.toogle_led                             0x080009d8   Section        0  main.o(i.toogle_led)
    toogle_led                               0x080009d9   Thumb Code    48  main.o(i.toogle_led)
    i.toogle_red_led                         0x08000a0c   Section        0  main.o(i.toogle_red_led)
    x$fpl$fpinit                             0x08000a2c   Section       10  fpinit.o(x$fpl$fpinit)
    $v0                                      0x08000a2c   Number         0  fpinit.o(x$fpl$fpinit)
    .ARM.Collect$$libinit$$00000000          0x08100000   Section        2  libinit.o(.ARM.Collect$$libinit$$00000000)
    .ARM.Collect$$libinit$$00000001          0x08100002   Section        4  libinit2.o(.ARM.Collect$$libinit$$00000001)
    .ARM.Collect$$libinit$$00000004          0x08100006   Section        0  libinit2.o(.ARM.Collect$$libinit$$00000004)
    .ARM.Collect$$libinit$$0000000A          0x08100006   Section        0  libinit2.o(.ARM.Collect$$libinit$$0000000A)
    .ARM.Collect$$libinit$$0000000C          0x08100006   Section        0  libinit2.o(.ARM.Collect$$libinit$$0000000C)
    .ARM.Collect$$libinit$$0000000E          0x08100006   Section        0  libinit2.o(.ARM.Collect$$libinit$$0000000E)
    .ARM.Collect$$libinit$$00000011          0x08100006   Section        0  libinit2.o(.ARM.Collect$$libinit$$00000011)
    .ARM.Collect$$libinit$$00000013          0x08100006   Section        0  libinit2.o(.ARM.Collect$$libinit$$00000013)
    .ARM.Collect$$libinit$$00000015          0x08100006   Section        0  libinit2.o(.ARM.Collect$$libinit$$00000015)
    .ARM.Collect$$libinit$$00000017          0x08100006   Section        0  libinit2.o(.ARM.Collect$$libinit$$00000017)
    .ARM.Collect$$libinit$$00000019          0x08100006   Section        0  libinit2.o(.ARM.Collect$$libinit$$00000019)
    .ARM.Collect$$libinit$$0000001B          0x08100006   Section        0  libinit2.o(.ARM.Collect$$libinit$$0000001B)
    .ARM.Collect$$libinit$$0000001D          0x08100006   Section        0  libinit2.o(.ARM.Collect$$libinit$$0000001D)
    .ARM.Collect$$libinit$$0000001F          0x08100006   Section        0  libinit2.o(.ARM.Collect$$libinit$$0000001F)
    .ARM.Collect$$libinit$$00000021          0x08100006   Section        0  libinit2.o(.ARM.Collect$$libinit$$00000021)
    .ARM.Collect$$libinit$$00000023          0x08100006   Section        0  libinit2.o(.ARM.Collect$$libinit$$00000023)
    .ARM.Collect$$libinit$$00000025          0x08100006   Section        0  libinit2.o(.ARM.Collect$$libinit$$00000025)
    .ARM.Collect$$libinit$$0000002C          0x08100006   Section        0  libinit2.o(.ARM.Collect$$libinit$$0000002C)
    .ARM.Collect$$libinit$$0000002E          0x08100006   Section        0  libinit2.o(.ARM.Collect$$libinit$$0000002E)
    .ARM.Collect$$libinit$$00000030          0x08100006   Section        0  libinit2.o(.ARM.Collect$$libinit$$00000030)
    .ARM.Collect$$libinit$$00000032          0x08100006   Section        0  libinit2.o(.ARM.Collect$$libinit$$00000032)
    .ARM.Collect$$libinit$$00000033          0x08100006   Section        2  libinit2.o(.ARM.Collect$$libinit$$00000033)
    .ARM.Collect$$rtexit$$00000000           0x08100008   Section        2  rtexit.o(.ARM.Collect$$rtexit$$00000000)
    .ARM.Collect$$rtexit$$00000002           0x0810000a   Section        0  rtexit2.o(.ARM.Collect$$rtexit$$00000002)
    .ARM.Collect$$rtexit$$00000003           0x0810000a   Section        4  rtexit2.o(.ARM.Collect$$rtexit$$00000003)
    .ARM.Collect$$rtexit$$00000004           0x0810000e   Section        6  rtexit2.o(.ARM.Collect$$rtexit$$00000004)
    .emb_text                                0x08100014   Section      436  hal_cm4.o(.emb_text)
    $v0                                      0x08100014   Number         0  hal_cm4.o(.emb_text)
    .text                                    0x081001c8   Section       64  startup_stm32h743xx.o(.text)
    $v0                                      0x081001c8   Number         0  startup_stm32h743xx.o(.text)
    .text                                    0x08100208   Section        8  libspace.o(.text)
    .text                                    0x08100210   Section        0  heapauxi.o(.text)
    .text                                    0x08100216   Section       74  sys_stackheap_outer.o(.text)
    .text                                    0x08100260   Section        0  exit.o(.text)
    .text                                    0x08100272   Section        2  use_no_semi.o(.text)
    i.SystemInit                             0x08100274   Section        0  system_stm32h7xx.o(i.SystemInit)
    i._init_box                              0x08100370   Section        0  rt_membox.o(i._init_box)
    i._mutex_acquire                         0x081003b8   Section        0  rtx_conf_cm.o(i._mutex_acquire)
    __tagsym$$used                           0x081003b9   Number         0  rtx_conf_cm.o(i._mutex_acquire)
    i.dbg_init                               0x081003d8   Section        0  hal_cm4.o(i.dbg_init)
    i.dbg_task_switch                        0x08100408   Section        0  hal_cm4.o(i.dbg_task_switch)
    i.os_idle_demon                          0x08100418   Section        0  rtx_conf_cm.o(i.os_idle_demon)
    i.os_tick_init                           0x0810041c   Section        0  rt_system.o(i.os_tick_init)
    i.rt_alloc_box                           0x08100444   Section        0  rt_membox.o(i.rt_alloc_box)
    i.rt_dec_dly                             0x08100460   Section        0  rt_list.o(i.rt_dec_dly)
    i.rt_free_box                            0x081004d4   Section        0  rt_membox.o(i.rt_free_box)
    i.rt_init_context                        0x081004f4   Section        0  rt_task.o(i.rt_init_context)
    rt_init_context                          0x081004f5   Thumb Code    70  rt_task.o(i.rt_init_context)
    i.rt_init_stack                          0x08100540   Section        0  hal_cm4.o(i.rt_init_stack)
    i.rt_mbx_psh                             0x08100590   Section        0  rt_mailbox.o(i.rt_mbx_psh)
    i.rt_pop_req                             0x08100664   Section        0  rt_system.o(i.rt_pop_req)
    i.rt_put_dly                             0x081006e0   Section        0  rt_list.o(i.rt_put_dly)
    i.rt_put_prio                            0x08100728   Section        0  rt_list.o(i.rt_put_prio)
    i.rt_put_rdy_first                       0x08100760   Section        0  rt_list.o(i.rt_put_rdy_first)
    i.rt_resort_prio                         0x08100774   Section        0  rt_list.o(i.rt_resort_prio)
    i.rt_rmv_dly                             0x081007a8   Section        0  rt_list.o(i.rt_rmv_dly)
    i.rt_stk_check                           0x081007d0   Section        0  rt_system.o(i.rt_stk_check)
    i.rt_tmr_tick                            0x081007f4   Section        0  rt_timer.o(i.rt_tmr_tick)
    i.rt_tsk_delete                          0x08100834   Section        0  rt_task.o(i.rt_tsk_delete)
    .constdata                               0x081009a0   Section       40  rtx_conf_cm.o(.constdata)
    __tagsym$$used                           0x081009b4   Number         0  rtx_conf_cm.o(.constdata)
    __tagsym$$used                           0x081009b8   Number         0  rtx_conf_cm.o(.constdata)
    .constdata                               0x081009c8   Section        4  rt_system.o(.constdata)
    __tagsym$$used                           0x081009c8   Number         0  rt_system.o(.constdata)
    .data                                    0x24000000   Section        8  main.o(.data)
    .data                                    0x24000008   Section        8  rtx_conf_cm.o(.data)
    nr_mutex                                 0x2400000c   Data           4  rtx_conf_cm.o(.data)
    .data                                    0x24000010   Section        8  rt_task.o(.data)
    .data                                    0x24000018   Section        1  hal_cm4.o(.data)
    .data                                    0x2400001c   Section        8  rt_system.o(.data)
    os_lock                                  0x2400001c   Data           1  rt_system.o(.data)
    os_psh_flag                              0x2400001d   Data           1  rt_system.o(.data)
    pend_flags                               0x2400001e   Data           1  rt_system.o(.data)
    .data                                    0x24000024   Section        8  rt_robin.o(.data)
    .data                                    0x2400002c   Section        4  rt_time.o(.data)
    .data                                    0x24000030   Section        8  rt_timer.o(.data)
    .bss                                     0x24000038   Section     4668  rtx_conf_cm.o(.bss)
    std_libspace                             0x24000e34   Data         960  rtx_conf_cm.o(.bss)
    std_libmutex                             0x240011f4   Data         128  rtx_conf_cm.o(.bss)
    .bss                                     0x24001274   Section       56  rt_task.o(.bss)
    .bss                                     0x240012ac   Section       48  rt_list.o(.bss)
    .bss                                     0x240012dc   Section       96  libspace.o(.bss)
    HEAP                                     0x24001340   Section      512  startup_stm32h743xx.o(HEAP)
    Heap_Mem                                 0x24001340   Data         512  startup_stm32h743xx.o(HEAP)
    STACK                                    0x24001540   Section     1024  startup_stm32h743xx.o(STACK)
    Stack_Mem                                0x24001540   Data        1024  startup_stm32h743xx.o(STACK)
    __initial_sp                             0x24001940   Data           0  startup_stm32h743xx.o(STACK)

    Global Symbols

    Symbol Name                              Value     Ov Type        Size  Object(Section)

    BuildAttributes$$THM_ISAv4$E$P$D$K$B$S$7EM$VFPv5_D16$PE$PLD8$A:L22UL41UL21$X:L11$S22US41US21$IEEE1$IW$USESV6$~STKCKD$USESV7$~SHL$OSPACE$ROPI$EBA8$UX$STANDARDLIB$REQ8$PRES8$EABIv2 0x00000000   Number         0  anon$$obj.o ABSOLUTE
    __ARM_use_no_argv                        0x00000000   Number         0  main.o ABSOLUTE
    __ARM_exceptions_init                     - Undefined Weak Reference
    __alloca_initialize                       - Undefined Weak Reference
    __arm_fini_                               - Undefined Weak Reference
    __arm_preinit_                            - Undefined Weak Reference
    __cpp_initialize__aeabi_                  - Undefined Weak Reference
    __cxa_finalize                            - Undefined Weak Reference
    __rt_locale                               - Undefined Weak Reference
    __sigvec_lookup                           - Undefined Weak Reference
    _atexit_init                              - Undefined Weak Reference
    _call_atexit_fns                          - Undefined Weak Reference
    _clock_init                               - Undefined Weak Reference
    _fp_trap_init                             - Undefined Weak Reference
    _fp_trap_shutdown                         - Undefined Weak Reference
    _get_lc_collate                           - Undefined Weak Reference
    _get_lc_ctype                             - Undefined Weak Reference
    _get_lc_monetary                          - Undefined Weak Reference
    _get_lc_numeric                           - Undefined Weak Reference
    _get_lc_time                              - Undefined Weak Reference
    _getenv_init                              - Undefined Weak Reference
    _handle_redirection                       - Undefined Weak Reference
    _init_alloc                               - Undefined Weak Reference
    _init_user_alloc                          - Undefined Weak Reference
    _initio                                   - Undefined Weak Reference
    _rand_init                                - Undefined Weak Reference
    _signal_finish                            - Undefined Weak Reference
    _signal_init                              - Undefined Weak Reference
    _terminate_alloc                          - Undefined Weak Reference
    _terminate_user_alloc                     - Undefined Weak Reference
    _terminateio                              - Undefined Weak Reference
    __Vectors_Size                           0x00000298   Number         0  startup_stm32h743xx.o ABSOLUTE
    __RL_RTX_VER                             0x00000475   Number         0  rt_system.o ABSOLUTE
    __Vectors                                0x08000000   Data           4  startup_stm32h743xx.o(RESET)
    __Vectors_End                            0x08000298   Data           0  startup_stm32h743xx.o(RESET)
    __main                                   0x08000299   Thumb Code     8  __main.o(!!!main)
    __scatterload                            0x080002a1   Thumb Code     0  __scatter.o(!!!scatter)
    __scatterload_rt2                        0x080002a1   Thumb Code    44  __scatter.o(!!!scatter)
    __scatterload_rt2_thumb_only             0x080002a1   Thumb Code     0  __scatter.o(!!!scatter)
    __scatterload_null                       0x080002af   Thumb Code     0  __scatter.o(!!!scatter)
    __scatterload_copy                       0x080002d5   Thumb Code    26  __scatter_copy.o(!!handler_copy)
    __scatterload_zeroinit                   0x080002f1   Thumb Code    28  __scatter_zi.o(!!handler_zi)
    __rt_lib_shutdown                        0x0800030d   Thumb Code     0  libshutdown.o(.ARM.Collect$$libshutdown$$00000000)
    __rt_lib_shutdown_cpp_1                  0x0800030f   Thumb Code     0  libshutdown2.o(.ARM.Collect$$libshutdown$$00000004)
    __rt_lib_shutdown_fini_1                 0x0800030f   Thumb Code     0  libshutdown2.o(.ARM.Collect$$libshutdown$$00000002)
    __rt_lib_shutdown_fp_trap_1              0x0800030f   Thumb Code     0  libshutdown2.o(.ARM.Collect$$libshutdown$$00000009)
    __rt_lib_shutdown_heap_1                 0x0800030f   Thumb Code     0  libshutdown2.o(.ARM.Collect$$libshutdown$$00000011)
    __rt_lib_shutdown_return                 0x0800030f   Thumb Code     0  libshutdown2.o(.ARM.Collect$$libshutdown$$00000012)
    __rt_lib_shutdown_signal_1               0x0800030f   Thumb Code     0  libshutdown2.o(.ARM.Collect$$libshutdown$$0000000C)
    __rt_lib_shutdown_stdio_1                0x0800030f   Thumb Code     0  libshutdown2.o(.ARM.Collect$$libshutdown$$00000006)
    __rt_lib_shutdown_user_alloc_1           0x0800030f   Thumb Code     0  libshutdown2.o(.ARM.Collect$$libshutdown$$0000000E)
    __rt_entry                               0x08000311   Thumb Code     0  __rtentry.o(.ARM.Collect$$rtentry$$00000000)
    __rt_entry_presh_1                       0x08000311   Thumb Code     0  __rtentry2.o(.ARM.Collect$$rtentry$$00000002)
    __rt_entry_sh                            0x08000311   Thumb Code     0  __rtentry4.o(.ARM.Collect$$rtentry$$00000004)
    __rt_entry_li                            0x08000317   Thumb Code     0  __rtentry2.o(.ARM.Collect$$rtentry$$0000000A)
    __rt_entry_postsh_1                      0x08000317   Thumb Code     0  __rtentry2.o(.ARM.Collect$$rtentry$$00000009)
    __rt_entry_main                          0x0800031b   Thumb Code     0  __rtentry2.o(.ARM.Collect$$rtentry$$0000000D)
    __rt_entry_postli_1                      0x0800031b   Thumb Code     0  __rtentry2.o(.ARM.Collect$$rtentry$$0000000C)
    _sys_exit                                0x08000325   Thumb Code     8  sys_exit.o(.text)
    SVC_Count                                0x08000330   Data           4  svc_table.o(SVC_TABLE)
    __semihosting_library_function           0x08000331   Thumb Code     0  indicate_semi.o(.text)
    SVC_Table                                0x08000334   Data           0  svc_table.o(SVC_TABLE)
    _mutex_release                           0x08000335   Thumb Code    22  rtx_conf_cm.o(i._mutex_release)
    dbg_task_notify                          0x08000351   Thumb Code    32  hal_cm4.o(i.dbg_task_notify)
    init                                     0x08000371   Thumb Code    48  main.o(i.init)
    main                                     0x0800042d   Thumb Code    26  main.o(i.main)
    os_error                                 0x08000451   Thumb Code     4  rtx_conf_cm.o(i.os_error)
    os_tick_irqack                           0x08000455   Thumb Code     2  rt_system.o(i.os_tick_irqack)
    os_tmr_call                              0x08000457   Thumb Code     4  rtx_conf_cm.o(i.os_tmr_call)
    rt_block                                 0x0800045d   Thumb Code    48  rt_task.o(i.rt_block)
    rt_chk_robin                             0x08000495   Thumb Code    60  rt_robin.o(i.rt_chk_robin)
    rt_dispatch                              0x080004dd   Thumb Code    60  rt_task.o(i.rt_dispatch)
    rt_evt_psh                               0x08000521   Thumb Code    72  rt_event.o(i.rt_evt_psh)
    rt_get_first                             0x0800056d   Thumb Code    40  rt_list.o(i.rt_get_first)
    rt_init_robin                            0x08000595   Thumb Code    14  rt_robin.o(i.rt_init_robin)
    rt_mut_release                           0x080005ad   Thumb Code   220  rt_mutex.o(i.rt_mut_release)
    rt_mut_wait                              0x08000691   Thumb Code   100  rt_mutex.o(i.rt_mut_wait)
    rt_rmv_list                              0x080006f9   Thumb Code    44  rt_list.o(i.rt_rmv_list)
    rt_sem_psh                               0x08000729   Thumb Code    46  rt_semaphore.o(i.rt_sem_psh)
    rt_switch_req                            0x0800075d   Thumb Code    30  rt_task.o(i.rt_switch_req)
    rt_sys_init                              0x08000785   Thumb Code   268  rt_task.o(i.rt_sys_init)
    rt_systick                               0x080008d9   Thumb Code    50  rt_system.o(i.rt_systick)
    rt_tsk_create                            0x08000919   Thumb Code   122  rt_task.o(i.rt_tsk_create)
    rt_tsk_self                              0x080009a9   Thumb Code    12  rt_task.o(i.rt_tsk_self)
    toogle_green_led                         0x080009b9   Thumb Code    26  main.o(i.toogle_green_led)
    toogle_red_led                           0x08000a0d   Thumb Code    26  main.o(i.toogle_red_led)
    _fp_init                                 0x08000a2d   Thumb Code    10  fpinit.o(x$fpl$fpinit)
    __fplib_config_fpu_vfp                   0x08000a35   Thumb Code     0  fpinit.o(x$fpl$fpinit)
    __fplib_config_pureend_doubles           0x08000a35   Thumb Code     0  fpinit.o(x$fpl$fpinit)
    Region$$Table$$Base                      0x08000a38   Number         0  anon$$obj.o(Region$$Table)
    Region$$Table$$Limit                     0x08000a58   Number         0  anon$$obj.o(Region$$Table)
    __rt_lib_init                            0x08100001   Thumb Code     0  libinit.o(.ARM.Collect$$libinit$$00000000)
    __rt_lib_init_fp_1                       0x08100003   Thumb Code     0  libinit2.o(.ARM.Collect$$libinit$$00000001)
    __rt_lib_init_alloca_1                   0x08100007   Thumb Code     0  libinit2.o(.ARM.Collect$$libinit$$0000002E)
    __rt_lib_init_argv_1                     0x08100007   Thumb Code     0  libinit2.o(.ARM.Collect$$libinit$$0000002C)
    __rt_lib_init_atexit_1                   0x08100007   Thumb Code     0  libinit2.o(.ARM.Collect$$libinit$$0000001B)
    __rt_lib_init_clock_1                    0x08100007   Thumb Code     0  libinit2.o(.ARM.Collect$$libinit$$00000021)
    __rt_lib_init_cpp_1                      0x08100007   Thumb Code     0  libinit2.o(.ARM.Collect$$libinit$$00000032)
    __rt_lib_init_exceptions_1               0x08100007   Thumb Code     0  libinit2.o(.ARM.Collect$$libinit$$00000030)
    __rt_lib_init_fp_trap_1                  0x08100007   Thumb Code     0  libinit2.o(.ARM.Collect$$libinit$$0000001F)
    __rt_lib_init_getenv_1                   0x08100007   Thumb Code     0  libinit2.o(.ARM.Collect$$libinit$$00000023)
    __rt_lib_init_heap_1                     0x08100007   Thumb Code     0  libinit2.o(.ARM.Collect$$libinit$$0000000A)
    __rt_lib_init_lc_collate_1               0x08100007   Thumb Code     0  libinit2.o(.ARM.Collect$$libinit$$00000011)
    __rt_lib_init_lc_ctype_1                 0x08100007   Thumb Code     0  libinit2.o(.ARM.Collect$$libinit$$00000013)
    __rt_lib_init_lc_monetary_1              0x08100007   Thumb Code     0  libinit2.o(.ARM.Collect$$libinit$$00000015)
    __rt_lib_init_lc_numeric_1               0x08100007   Thumb Code     0  libinit2.o(.ARM.Collect$$libinit$$00000017)
    __rt_lib_init_lc_time_1                  0x08100007   Thumb Code     0  libinit2.o(.ARM.Collect$$libinit$$00000019)
    __rt_lib_init_preinit_1                  0x08100007   Thumb Code     0  libinit2.o(.ARM.Collect$$libinit$$00000004)
    __rt_lib_init_rand_1                     0x08100007   Thumb Code     0  libinit2.o(.ARM.Collect$$libinit$$0000000E)
    __rt_lib_init_return                     0x08100007   Thumb Code     0  libinit2.o(.ARM.Collect$$libinit$$00000033)
    __rt_lib_init_signal_1                   0x08100007   Thumb Code     0  libinit2.o(.ARM.Collect$$libinit$$0000001D)
    __rt_lib_init_stdio_1                    0x08100007   Thumb Code     0  libinit2.o(.ARM.Collect$$libinit$$00000025)
    __rt_lib_init_user_alloc_1               0x08100007   Thumb Code     0  libinit2.o(.ARM.Collect$$libinit$$0000000C)
    __rt_exit                                0x08100009   Thumb Code     0  rtexit.o(.ARM.Collect$$rtexit$$00000000)
    __rt_exit_ls                             0x0810000b   Thumb Code     0  rtexit2.o(.ARM.Collect$$rtexit$$00000003)
    __rt_exit_prels_1                        0x0810000b   Thumb Code     0  rtexit2.o(.ARM.Collect$$rtexit$$00000002)
    __rt_exit_exit                           0x0810000f   Thumb Code     0  rtexit2.o(.ARM.Collect$$rtexit$$00000004)
    rt_set_PSP                               0x08100015   Thumb Code     6  hal_cm4.o(.emb_text)
    rt_get_PSP                               0x0810001b   Thumb Code     6  hal_cm4.o(.emb_text)
    os_set_env                               0x08100021   Thumb Code    24  hal_cm4.o(.emb_text)
    _alloc_box                               0x0810003d   Thumb Code    28  hal_cm4.o(.emb_text)
    _free_box                                0x0810005d   Thumb Code    28  hal_cm4.o(.emb_text)
    SVC_Handler                              0x0810007d   Thumb Code   180  hal_cm4.o(.emb_text)
    PendSV_Handler                           0x08100141   Thumb Code   112  hal_cm4.o(.emb_text)
    SysTick_Handler                          0x081001b5   Thumb Code     8  hal_cm4.o(.emb_text)
    OS_Tick_Handler                          0x081001bd   Thumb Code    12  hal_cm4.o(.emb_text)
    Reset_Handler                            0x081001c9   Thumb Code     8  startup_stm32h743xx.o(.text)
    NMI_Handler                              0x081001d1   Thumb Code     2  startup_stm32h743xx.o(.text)
    HardFault_Handler                        0x081001d3   Thumb Code     2  startup_stm32h743xx.o(.text)
    MemManage_Handler                        0x081001d5   Thumb Code     2  startup_stm32h743xx.o(.text)
    BusFault_Handler                         0x081001d7   Thumb Code     2  startup_stm32h743xx.o(.text)
    UsageFault_Handler                       0x081001d9   Thumb Code     2  startup_stm32h743xx.o(.text)
    DebugMon_Handler                         0x081001dd   Thumb Code     2  startup_stm32h743xx.o(.text)
    ADC3_IRQHandler                          0x081001e3   Thumb Code     0  startup_stm32h743xx.o(.text)
    ADC_IRQHandler                           0x081001e3   Thumb Code     0  startup_stm32h743xx.o(.text)
    BDMA_Channel0_IRQHandler                 0x081001e3   Thumb Code     0  startup_stm32h743xx.o(.text)
    BDMA_Channel1_IRQHandler                 0x081001e3   Thumb Code     0  startup_stm32h743xx.o(.text)
    BDMA_Channel2_IRQHandler                 0x081001e3   Thumb Code     0  startup_stm32h743xx.o(.text)
    BDMA_Channel3_IRQHandler                 0x081001e3   Thumb Code     0  startup_stm32h743xx.o(.text)
    BDMA_Channel4_IRQHandler                 0x081001e3   Thumb Code     0  startup_stm32h743xx.o(.text)
    BDMA_Channel5_IRQHandler                 0x081001e3   Thumb Code     0  startup_stm32h743xx.o(.text)
    BDMA_Channel6_IRQHandler                 0x081001e3   Thumb Code     0  startup_stm32h743xx.o(.text)
    BDMA_Channel7_IRQHandler                 0x081001e3   Thumb Code     0  startup_stm32h743xx.o(.text)
    CEC_IRQHandler                           0x081001e3   Thumb Code     0  startup_stm32h743xx.o(.text)
    COMP1_IRQHandler                         0x081001e3   Thumb Code     0  startup_stm32h743xx.o(.text)
    CRS_IRQHandler                           0x081001e3   Thumb Code     0  startup_stm32h743xx.o(.text)
    DCMI_IRQHandler                          0x081001e3   Thumb Code     0  startup_stm32h743xx.o(.text)
    DFSDM1_FLT0_IRQHandler                   0x081001e3   Thumb Code     0  startup_stm32h743xx.o(.text)
    DFSDM1_FLT1_IRQHandler                   0x081001e3   Thumb Code     0  startup_stm32h743xx.o(.text)
    DFSDM1_FLT2_IRQHandler                   0x081001e3   Thumb Code     0  startup_stm32h743xx.o(.text)
    DFSDM1_FLT3_IRQHandler                   0x081001e3   Thumb Code     0  startup_stm32h743xx.o(.text)
    DMA1_Stream0_IRQHandler                  0x081001e3   Thumb Code     0  startup_stm32h743xx.o(.text)
    DMA1_Stream1_IRQHandler                  0x081001e3   Thumb Code     0  startup_stm32h743xx.o(.text)
    DMA1_Stream2_IRQHandler                  0x081001e3   Thumb Code     0  startup_stm32h743xx.o(.text)
    DMA1_Stream3_IRQHandler                  0x081001e3   Thumb Code     0  startup_stm32h743xx.o(.text)
    DMA1_Stream4_IRQHandler                  0x081001e3   Thumb Code     0  startup_stm32h743xx.o(.text)
    DMA1_Stream5_IRQHandler                  0x081001e3   Thumb Code     0  startup_stm32h743xx.o(.text)
    DMA1_Stream6_IRQHandler                  0x081001e3   Thumb Code     0  startup_stm32h743xx.o(.text)
    DMA1_Stream7_IRQHandler                  0x081001e3   Thumb Code     0  startup_stm32h743xx.o(.text)
    DMA2D_IRQHandler                         0x081001e3   Thumb Code     0  startup_stm32h743xx.o(.text)
    DMA2_Stream0_IRQHandler                  0x081001e3   Thumb Code     0  startup_stm32h743xx.o(.text)
    DMA2_Stream1_IRQHandler                  0x081001e3   Thumb Code     0  startup_stm32h743xx.o(.text)
    DMA2_Stream2_IRQHandler                  0x081001e3   Thumb Code     0  startup_stm32h743xx.o(.text)
    DMA2_Stream3_IRQHandler                  0x081001e3   Thumb Code     0  startup_stm32h743xx.o(.text)
    DMA2_Stream4_IRQHandler                  0x081001e3   Thumb Code     0  startup_stm32h743xx.o(.text)
    DMA2_Stream5_IRQHandler                  0x081001e3   Thumb Code     0  startup_stm32h743xx.o(.text)
    DMA2_Stream6_IRQHandler                  0x081001e3   Thumb Code     0  startup_stm32h743xx.o(.text)
    DMA2_Stream7_IRQHandler                  0x081001e3   Thumb Code     0  startup_stm32h743xx.o(.text)
    DMAMUX1_OVR_IRQHandler                   0x081001e3   Thumb Code     0  startup_stm32h743xx.o(.text)
    DMAMUX2_OVR_IRQHandler                   0x081001e3   Thumb Code     0  startup_stm32h743xx.o(.text)
    ECC_IRQHandler                           0x081001e3   Thumb Code     0  startup_stm32h743xx.o(.text)
    ETH_IRQHandler                           0x081001e3   Thumb Code     0  startup_stm32h743xx.o(.text)
    ETH_WKUP_IRQHandler                      0x081001e3   Thumb Code     0  startup_stm32h743xx.o(.text)
    EXTI0_IRQHandler                         0x081001e3   Thumb Code     0  startup_stm32h743xx.o(.text)
    EXTI15_10_IRQHandler                     0x081001e3   Thumb Code     0  startup_stm32h743xx.o(.text)
    EXTI1_IRQHandler                         0x081001e3   Thumb Code     0  startup_stm32h743xx.o(.text)
    EXTI2_IRQHandler                         0x081001e3   Thumb Code     0  startup_stm32h743xx.o(.text)
    EXTI3_IRQHandler                         0x081001e3   Thumb Code     0  startup_stm32h743xx.o(.text)
    EXTI4_IRQHandler                         0x081001e3   Thumb Code     0  startup_stm32h743xx.o(.text)
    EXTI9_5_IRQHandler                       0x081001e3   Thumb Code     0  startup_stm32h743xx.o(.text)
    FDCAN1_IT0_IRQHandler                    0x081001e3   Thumb Code     0  startup_stm32h743xx.o(.text)
    FDCAN1_IT1_IRQHandler                    0x081001e3   Thumb Code     0  startup_stm32h743xx.o(.text)
    FDCAN2_IT0_IRQHandler                    0x081001e3   Thumb Code     0  startup_stm32h743xx.o(.text)
    FDCAN2_IT1_IRQHandler                    0x081001e3   Thumb Code     0  startup_stm32h743xx.o(.text)
    FDCAN_CAL_IRQHandler                     0x081001e3   Thumb Code     0  startup_stm32h743xx.o(.text)
    FLASH_IRQHandler                         0x081001e3   Thumb Code     0  startup_stm32h743xx.o(.text)
    FMC_IRQHandler                           0x081001e3   Thumb Code     0  startup_stm32h743xx.o(.text)
    FPU_IRQHandler                           0x081001e3   Thumb Code     0  startup_stm32h743xx.o(.text)
    HRTIM1_FLT_IRQHandler                    0x081001e3   Thumb Code     0  startup_stm32h743xx.o(.text)
    HRTIM1_Master_IRQHandler                 0x081001e3   Thumb Code     0  startup_stm32h743xx.o(.text)
    HRTIM1_TIMA_IRQHandler                   0x081001e3   Thumb Code     0  startup_stm32h743xx.o(.text)
    HRTIM1_TIMB_IRQHandler                   0x081001e3   Thumb Code     0  startup_stm32h743xx.o(.text)
    HRTIM1_TIMC_IRQHandler                   0x081001e3   Thumb Code     0  startup_stm32h743xx.o(.text)
    HRTIM1_TIMD_IRQHandler                   0x081001e3   Thumb Code     0  startup_stm32h743xx.o(.text)
    HRTIM1_TIME_IRQHandler                   0x081001e3   Thumb Code     0  startup_stm32h743xx.o(.text)
    HSEM1_IRQHandler                         0x081001e3   Thumb Code     0  startup_stm32h743xx.o(.text)
    I2C1_ER_IRQHandler                       0x081001e3   Thumb Code     0  startup_stm32h743xx.o(.text)
    I2C1_EV_IRQHandler                       0x081001e3   Thumb Code     0  startup_stm32h743xx.o(.text)
    I2C2_ER_IRQHandler                       0x081001e3   Thumb Code     0  startup_stm32h743xx.o(.text)
    I2C2_EV_IRQHandler                       0x081001e3   Thumb Code     0  startup_stm32h743xx.o(.text)
    I2C3_ER_IRQHandler                       0x081001e3   Thumb Code     0  startup_stm32h743xx.o(.text)
    I2C3_EV_IRQHandler                       0x081001e3   Thumb Code     0  startup_stm32h743xx.o(.text)
    I2C4_ER_IRQHandler                       0x081001e3   Thumb Code     0  startup_stm32h743xx.o(.text)
    I2C4_EV_IRQHandler                       0x081001e3   Thumb Code     0  startup_stm32h743xx.o(.text)
    JPEG_IRQHandler                          0x081001e3   Thumb Code     0  startup_stm32h743xx.o(.text)
    LPTIM1_IRQHandler                        0x081001e3   Thumb Code     0  startup_stm32h743xx.o(.text)
    LPTIM2_IRQHandler                        0x081001e3   Thumb Code     0  startup_stm32h743xx.o(.text)
    LPTIM3_IRQHandler                        0x081001e3   Thumb Code     0  startup_stm32h743xx.o(.text)
    LPTIM4_IRQHandler                        0x081001e3   Thumb Code     0  startup_stm32h743xx.o(.text)
    LPTIM5_IRQHandler                        0x081001e3   Thumb Code     0  startup_stm32h743xx.o(.text)
    LPUART1_IRQHandler                       0x081001e3   Thumb Code     0  startup_stm32h743xx.o(.text)
    LTDC_ER_IRQHandler                       0x081001e3   Thumb Code     0  startup_stm32h743xx.o(.text)
    LTDC_IRQHandler                          0x081001e3   Thumb Code     0  startup_stm32h743xx.o(.text)
    MDIOS_IRQHandler                         0x081001e3   Thumb Code     0  startup_stm32h743xx.o(.text)
    MDIOS_WKUP_IRQHandler                    0x081001e3   Thumb Code     0  startup_stm32h743xx.o(.text)
    MDMA_IRQHandler                          0x081001e3   Thumb Code     0  startup_stm32h743xx.o(.text)
    OTG_FS_EP1_IN_IRQHandler                 0x081001e3   Thumb Code     0  startup_stm32h743xx.o(.text)
    OTG_FS_EP1_OUT_IRQHandler                0x081001e3   Thumb Code     0  startup_stm32h743xx.o(.text)
    OTG_FS_IRQHandler                        0x081001e3   Thumb Code     0  startup_stm32h743xx.o(.text)
    OTG_FS_WKUP_IRQHandler                   0x081001e3   Thumb Code     0  startup_stm32h743xx.o(.text)
    OTG_HS_EP1_IN_IRQHandler                 0x081001e3   Thumb Code     0  startup_stm32h743xx.o(.text)
    OTG_HS_EP1_OUT_IRQHandler                0x081001e3   Thumb Code     0  startup_stm32h743xx.o(.text)
    OTG_HS_IRQHandler                        0x081001e3   Thumb Code     0  startup_stm32h743xx.o(.text)
    OTG_HS_WKUP_IRQHandler                   0x081001e3   Thumb Code     0  startup_stm32h743xx.o(.text)
    PVD_AVD_IRQHandler                       0x081001e3   Thumb Code     0  startup_stm32h743xx.o(.text)
    QUADSPI_IRQHandler                       0x081001e3   Thumb Code     0  startup_stm32h743xx.o(.text)
    RCC_IRQHandler                           0x081001e3   Thumb Code     0  startup_stm32h743xx.o(.text)
    RNG_IRQHandler                           0x081001e3   Thumb Code     0  startup_stm32h743xx.o(.text)
    RTC_Alarm_IRQHandler                     0x081001e3   Thumb Code     0  startup_stm32h743xx.o(.text)
    RTC_WKUP_IRQHandler                      0x081001e3   Thumb Code     0  startup_stm32h743xx.o(.text)
    SAI1_IRQHandler                          0x081001e3   Thumb Code     0  startup_stm32h743xx.o(.text)
    SAI2_IRQHandler                          0x081001e3   Thumb Code     0  startup_stm32h743xx.o(.text)
    SAI3_IRQHandler                          0x081001e3   Thumb Code     0  startup_stm32h743xx.o(.text)
    SAI4_IRQHandler                          0x081001e3   Thumb Code     0  startup_stm32h743xx.o(.text)
    SDMMC1_IRQHandler                        0x081001e3   Thumb Code     0  startup_stm32h743xx.o(.text)
    SDMMC2_IRQHandler                        0x081001e3   Thumb Code     0  startup_stm32h743xx.o(.text)
    SPDIF_RX_IRQHandler                      0x081001e3   Thumb Code     0  startup_stm32h743xx.o(.text)
    SPI1_IRQHandler                          0x081001e3   Thumb Code     0  startup_stm32h743xx.o(.text)
    SPI2_IRQHandler                          0x081001e3   Thumb Code     0  startup_stm32h743xx.o(.text)
    SPI3_IRQHandler                          0x081001e3   Thumb Code     0  startup_stm32h743xx.o(.text)
    SPI4_IRQHandler                          0x081001e3   Thumb Code     0  startup_stm32h743xx.o(.text)
    SPI5_IRQHandler                          0x081001e3   Thumb Code     0  startup_stm32h743xx.o(.text)
    SPI6_IRQHandler                          0x081001e3   Thumb Code     0  startup_stm32h743xx.o(.text)
    SWPMI1_IRQHandler                        0x081001e3   Thumb Code     0  startup_stm32h743xx.o(.text)
    TAMP_STAMP_IRQHandler                    0x081001e3   Thumb Code     0  startup_stm32h743xx.o(.text)
    TIM15_IRQHandler                         0x081001e3   Thumb Code     0  startup_stm32h743xx.o(.text)
    TIM16_IRQHandler                         0x081001e3   Thumb Code     0  startup_stm32h743xx.o(.text)
    TIM17_IRQHandler                         0x081001e3   Thumb Code     0  startup_stm32h743xx.o(.text)
    TIM1_BRK_IRQHandler                      0x081001e3   Thumb Code     0  startup_stm32h743xx.o(.text)
    TIM1_CC_IRQHandler                       0x081001e3   Thumb Code     0  startup_stm32h743xx.o(.text)
    TIM1_TRG_COM_IRQHandler                  0x081001e3   Thumb Code     0  startup_stm32h743xx.o(.text)
    TIM1_UP_IRQHandler                       0x081001e3   Thumb Code     0  startup_stm32h743xx.o(.text)
    TIM2_IRQHandler                          0x081001e3   Thumb Code     0  startup_stm32h743xx.o(.text)
    TIM3_IRQHandler                          0x081001e3   Thumb Code     0  startup_stm32h743xx.o(.text)
    TIM4_IRQHandler                          0x081001e3   Thumb Code     0  startup_stm32h743xx.o(.text)
    TIM5_IRQHandler                          0x081001e3   Thumb Code     0  startup_stm32h743xx.o(.text)
    TIM6_DAC_IRQHandler                      0x081001e3   Thumb Code     0  startup_stm32h743xx.o(.text)
    TIM7_IRQHandler                          0x081001e3   Thumb Code     0  startup_stm32h743xx.o(.text)
    TIM8_BRK_TIM12_IRQHandler                0x081001e3   Thumb Code     0  startup_stm32h743xx.o(.text)
    TIM8_CC_IRQHandler                       0x081001e3   Thumb Code     0  startup_stm32h743xx.o(.text)
    TIM8_TRG_COM_TIM14_IRQHandler            0x081001e3   Thumb Code     0  startup_stm32h743xx.o(.text)
    TIM8_UP_TIM13_IRQHandler                 0x081001e3   Thumb Code     0  startup_stm32h743xx.o(.text)
    UART4_IRQHandler                         0x081001e3   Thumb Code     0  startup_stm32h743xx.o(.text)
    UART5_IRQHandler                         0x081001e3   Thumb Code     0  startup_stm32h743xx.o(.text)
    UART7_IRQHandler                         0x081001e3   Thumb Code     0  startup_stm32h743xx.o(.text)
    UART8_IRQHandler                         0x081001e3   Thumb Code     0  startup_stm32h743xx.o(.text)
    USART1_IRQHandler                        0x081001e3   Thumb Code     0  startup_stm32h743xx.o(.text)
    USART2_IRQHandler                        0x081001e3   Thumb Code     0  startup_stm32h743xx.o(.text)
    USART3_IRQHandler                        0x081001e3   Thumb Code     0  startup_stm32h743xx.o(.text)
    USART6_IRQHandler                        0x081001e3   Thumb Code     0  startup_stm32h743xx.o(.text)
    WAKEUP_PIN_IRQHandler                    0x081001e3   Thumb Code     0  startup_stm32h743xx.o(.text)
    WWDG_IRQHandler                          0x081001e3   Thumb Code     0  startup_stm32h743xx.o(.text)
    __user_initial_stackheap                 0x081001e5   Thumb Code     0  startup_stm32h743xx.o(.text)
    __user_libspace                          0x08100209   Thumb Code     8  libspace.o(.text)
    __user_perproc_libspace                  0x08100209   Thumb Code     0  libspace.o(.text)
    __use_two_region_memory                  0x08100211   Thumb Code     2  heapauxi.o(.text)
    __rt_heap_escrow$2region                 0x08100213   Thumb Code     2  heapauxi.o(.text)
    __rt_heap_expand$2region                 0x08100215   Thumb Code     2  heapauxi.o(.text)
    __user_setup_stackheap                   0x08100217   Thumb Code    74  sys_stackheap_outer.o(.text)
    exit                                     0x08100261   Thumb Code    18  exit.o(.text)
    __I$use$semihosting                      0x08100273   Thumb Code     0  use_no_semi.o(.text)
    __use_no_semihosting_swi                 0x08100273   Thumb Code     2  use_no_semi.o(.text)
    SystemInit                               0x08100275   Thumb Code   212  system_stm32h7xx.o(i.SystemInit)
    _init_box                                0x08100371   Thumb Code    70  rt_membox.o(i._init_box)
    _mutex_acquire                           0x081003b9   Thumb Code    26  rtx_conf_cm.o(i._mutex_acquire)
    dbg_init                                 0x081003d9   Thumb Code    34  hal_cm4.o(i.dbg_init)
    dbg_task_switch                          0x08100409   Thumb Code    16  hal_cm4.o(i.dbg_task_switch)
    os_idle_demon                            0x08100419   Thumb Code     4  rtx_conf_cm.o(i.os_idle_demon)
    os_tick_init                             0x0810041d   Thumb Code    32  rt_system.o(i.os_tick_init)
    rt_alloc_box                             0x08100445   Thumb Code    26  rt_membox.o(i.rt_alloc_box)
    rt_dec_dly                               0x08100461   Thumb Code   106  rt_list.o(i.rt_dec_dly)
    rt_free_box                              0x081004d5   Thumb Code    32  rt_membox.o(i.rt_free_box)
    rt_init_stack                            0x08100541   Thumb Code    70  hal_cm4.o(i.rt_init_stack)
    rt_mbx_psh                               0x08100591   Thumb Code   206  rt_mailbox.o(i.rt_mbx_psh)
    rt_pop_req                               0x08100665   Thumb Code   112  rt_system.o(i.rt_pop_req)
    rt_put_dly                               0x081006e1   Thumb Code    68  rt_list.o(i.rt_put_dly)
    rt_put_prio                              0x08100729   Thumb Code    54  rt_list.o(i.rt_put_prio)
    rt_put_rdy_first                         0x08100761   Thumb Code    14  rt_list.o(i.rt_put_rdy_first)
    rt_resort_prio                           0x08100775   Thumb Code    46  rt_list.o(i.rt_resort_prio)
    rt_rmv_dly                               0x081007a9   Thumb Code    40  rt_list.o(i.rt_rmv_dly)
    rt_stk_check                             0x081007d1   Thumb Code    28  rt_system.o(i.rt_stk_check)
    rt_tmr_tick                              0x081007f5   Thumb Code    56  rt_timer.o(i.rt_tmr_tick)
    rt_tsk_delete                            0x08100835   Thumb Code   336  rt_task.o(i.rt_tsk_delete)
    os_maxtaskrun                            0x081009a0   Data           2  rtx_conf_cm.o(.constdata)
    os_stackinfo                             0x081009a4   Data           4  rtx_conf_cm.o(.constdata)
    os_rrobin                                0x081009a8   Data           4  rtx_conf_cm.o(.constdata)
    os_trv                                   0x081009ac   Data           4  rtx_conf_cm.o(.constdata)
    os_flags                                 0x081009b0   Data           1  rtx_conf_cm.o(.constdata)
    os_clockrate                             0x081009b4   Data           4  rtx_conf_cm.o(.constdata)
    os_timernum                              0x081009b8   Data           4  rtx_conf_cm.o(.constdata)
    mp_tcb_size                              0x081009bc   Data           2  rtx_conf_cm.o(.constdata)
    mp_stk_size                              0x081009c0   Data           4  rtx_conf_cm.o(.constdata)
    os_fifo_size                             0x081009c4   Data           1  rtx_conf_cm.o(.constdata)
    mp_tmr_size                              0x081009c6   Data           2  rtx_conf_cm.o(.constdata)
    RL_RTX_Version                           0x081009c8   Data           4  rt_system.o(.constdata)
    taskID1                                  0x24000000   Data           4  main.o(.data)
    taskID2                                  0x24000004   Data           4  main.o(.data)
    m_tmr                                    0x24000008   Data           4  rtx_conf_cm.o(.data)
    os_tsk                                   0x24000010   Data           8  rt_task.o(.data)
    dbg_msg                                  0x24000018   Data           1  hal_cm4.o(.data)
    os_tick_irqn                             0x24000020   Data           4  rt_system.o(.data)
    os_robin                                 0x24000024   Data           8  rt_robin.o(.data)
    os_time                                  0x2400002c   Data           4  rt_time.o(.data)
    os_tmr                                   0x24000030   Data           8  rt_timer.o(.data)
    mp_tcb                                   0x24000038   Data         572  rtx_conf_cm.o(.bss)
    mp_stk                                   0x24000278   Data        2832  rtx_conf_cm.o(.bss)
    os_fifo                                  0x24000d88   Data         132  rtx_conf_cm.o(.bss)
    os_active_TCB                            0x24000e0c   Data          40  rtx_conf_cm.o(.bss)
    os_idle_TCB                              0x24001274   Data          56  rt_task.o(.bss)
    os_rdy                                   0x240012ac   Data          24  rt_list.o(.bss)
    os_dly                                   0x240012c4   Data          24  rt_list.o(.bss)
    __libspace_start                         0x240012dc   Data          96  libspace.o(.bss)
    __temporary_stack_top$libspace           0x2400133c   Data           0  libspace.o(.bss)



==============================================================================

Memory Map of the image

  Image Entry point : 0x08000299

  Load Region LR_IROM1 (Base: 0x08000000, Size: 0x00000a90, Max: 0x00100000, ABSOLUTE)

    Execution Region ER_IROM1 (Exec base: 0x08000000, Load base: 0x08000000, Size: 0x00000a58, Max: 0x00100000, ABSOLUTE)

    Exec Addr    Load Addr    Size         Type   Attr      Idx    E Section Name        Object

    0x08000000   0x08000000   0x00000298   Data   RO          153    RESET               startup_stm32h743xx.o
    0x08000298   0x08000298   0x00000008   Code   RO          782  * !!!main             c_w.l(__main.o)
    0x080002a0   0x080002a0   0x00000034   Code   RO          938    !!!scatter          c_w.l(__scatter.o)
    0x080002d4   0x080002d4   0x0000001a   Code   RO          940    !!handler_copy      c_w.l(__scatter_copy.o)
    0x080002ee   0x080002ee   0x00000002   PAD
    0x080002f0   0x080002f0   0x0000001c   Code   RO          942    !!handler_zi        c_w.l(__scatter_zi.o)
    0x0800030c   0x0800030c   0x00000002   Code   RO          876    .ARM.Collect$$libshutdown$$00000000  c_w.l(libshutdown.o)
    0x0800030e   0x0800030e   0x00000000   Code   RO          889    .ARM.Collect$$libshutdown$$00000002  c_w.l(libshutdown2.o)
    0x0800030e   0x0800030e   0x00000000   Code   RO          891    .ARM.Collect$$libshutdown$$00000004  c_w.l(libshutdown2.o)
    0x0800030e   0x0800030e   0x00000000   Code   RO          893    .ARM.Collect$$libshutdown$$00000006  c_w.l(libshutdown2.o)
    0x0800030e   0x0800030e   0x00000000   Code   RO          896    .ARM.Collect$$libshutdown$$00000009  c_w.l(libshutdown2.o)
    0x0800030e   0x0800030e   0x00000000   Code   RO          899    .ARM.Collect$$libshutdown$$0000000C  c_w.l(libshutdown2.o)
    0x0800030e   0x0800030e   0x00000000   Code   RO          901    .ARM.Collect$$libshutdown$$0000000E  c_w.l(libshutdown2.o)
    0x0800030e   0x0800030e   0x00000000   Code   RO          904    .ARM.Collect$$libshutdown$$00000011  c_w.l(libshutdown2.o)
    0x0800030e   0x0800030e   0x00000002   Code   RO          905    .ARM.Collect$$libshutdown$$00000012  c_w.l(libshutdown2.o)
    0x08000310   0x08000310   0x00000000   Code   RO          784    .ARM.Collect$$rtentry$$00000000  c_w.l(__rtentry.o)
    0x08000310   0x08000310   0x00000000   Code   RO          786    .ARM.Collect$$rtentry$$00000002  c_w.l(__rtentry2.o)
    0x08000310   0x08000310   0x00000006   Code   RO          798    .ARM.Collect$$rtentry$$00000004  c_w.l(__rtentry4.o)
    0x08000316   0x08000316   0x00000000   Code   RO          788    .ARM.Collect$$rtentry$$00000009  c_w.l(__rtentry2.o)
    0x08000316   0x08000316   0x00000004   Code   RO          789    .ARM.Collect$$rtentry$$0000000A  c_w.l(__rtentry2.o)
    0x0800031a   0x0800031a   0x00000000   Code   RO          791    .ARM.Collect$$rtentry$$0000000C  c_w.l(__rtentry2.o)
    0x0800031a   0x0800031a   0x00000008   Code   RO          792    .ARM.Collect$$rtentry$$0000000D  c_w.l(__rtentry2.o)
    0x08000322   0x08000322   0x00000002   PAD
    0x08000324   0x08000324   0x0000000c   Code   RO          868    .text               c_w.l(sys_exit.o)
    0x08000330   0x08000330   0x00000000   Code   RO          881    .text               c_w.l(indicate_semi.o)
    0x08000330   0x08000330   0x00000004   Code   RO          586    SVC_TABLE           RTX_CM4.LIB(svc_table.o)
    0x08000334   0x08000334   0x0000001c   Code   RO           97    i._mutex_release    rtx_conf_cm.o
    0x08000350   0x08000350   0x00000020   Code   RO          328    i.dbg_task_notify   RTX_CM4.LIB(hal_cm4.o)
    0x08000370   0x08000370   0x00000048   Code   RO            4    i.init              main.o
    0x080003b8   0x080003b8   0x00000074   Code   RO            5    i.init_led_gpio     main.o
    0x0800042c   0x0800042c   0x00000024   Code   RO            6    i.main              main.o
    0x08000450   0x08000450   0x00000004   Code   RO           98    i.os_error          rtx_conf_cm.o
    0x08000454   0x08000454   0x00000002   Code   RO          369    i.os_tick_irqack    RTX_CM4.LIB(rt_system.o)
    0x08000456   0x08000456   0x00000004   Code   RO          100    i.os_tmr_call       rtx_conf_cm.o
    0x0800045a   0x0800045a   0x00000002   PAD
    0x0800045c   0x0800045c   0x00000038   Code   RO          199    i.rt_block          RTX_CM4.LIB(rt_task.o)
    0x08000494   0x08000494   0x00000048   Code   RO          531    i.rt_chk_robin      RTX_CM4.LIB(rt_robin.o)
    0x080004dc   0x080004dc   0x00000044   Code   RO          200    i.rt_dispatch       RTX_CM4.LIB(rt_task.o)
    0x08000520   0x08000520   0x0000004c   Code   RO          592    i.rt_evt_psh        RTX_CM4.LIB(rt_event.o)
    0x0800056c   0x0800056c   0x00000028   Code   RO          453    i.rt_get_first      RTX_CM4.LIB(rt_list.o)
    0x08000594   0x08000594   0x00000018   Code   RO          532    i.rt_init_robin     RTX_CM4.LIB(rt_robin.o)
    0x080005ac   0x080005ac   0x000000e4   Code   RO          299    i.rt_mut_release    RTX_CM4.LIB(rt_mutex.o)
    0x08000690   0x08000690   0x00000068   Code   RO          300    i.rt_mut_wait       RTX_CM4.LIB(rt_mutex.o)
    0x080006f8   0x080006f8   0x00000030   Code   RO          461    i.rt_rmv_list       RTX_CM4.LIB(rt_list.o)
    0x08000728   0x08000728   0x00000034   Code   RO          681    i.rt_sem_psh        RTX_CM4.LIB(rt_semaphore.o)
    0x0800075c   0x0800075c   0x00000028   Code   RO          202    i.rt_switch_req     RTX_CM4.LIB(rt_task.o)
    0x08000784   0x08000784   0x00000154   Code   RO          203    i.rt_sys_init       RTX_CM4.LIB(rt_task.o)
    0x080008d8   0x080008d8   0x00000040   Code   RO          375    i.rt_systick        RTX_CM4.LIB(rt_system.o)
    0x08000918   0x08000918   0x00000090   Code   RO          204    i.rt_tsk_create     RTX_CM4.LIB(rt_task.o)
    0x080009a8   0x080009a8   0x00000010   Code   RO          208    i.rt_tsk_self       RTX_CM4.LIB(rt_task.o)
    0x080009b8   0x080009b8   0x00000020   Code   RO            7    i.toogle_green_led  main.o
    0x080009d8   0x080009d8   0x00000034   Code   RO            8    i.toogle_led        main.o
    0x08000a0c   0x08000a0c   0x00000020   Code   RO            9    i.toogle_red_led    main.o
    0x08000a2c   0x08000a2c   0x0000000a   Code   RO          866    x$fpl$fpinit        fz_wv.l(fpinit.o)
    0x08000a36   0x08000a36   0x00000002   PAD
    0x08000a38   0x08000a38   0x00000020   Data   RO          936    Region$$Table       anon$$obj.o


    Execution Region RW_IRAM1 (Exec base: 0x20000000, Load base: 0x08000a58, Size: 0x00000000, Max: 0x00020000, ABSOLUTE)

    **** No section assigned to this execution region ****


    Execution Region RW_IRAM2 (Exec base: 0x24000000, Load base: 0x08000a58, Size: 0x00001940, Max: 0x00080000, ABSOLUTE)

    Exec Addr    Load Addr    Size         Type   Attr      Idx    E Section Name        Object

    0x24000000   0x08000a58   0x00000008   Data   RW           10    .data               main.o
    0x24000008   0x08000a60   0x00000008   Data   RW          103    .data               rtx_conf_cm.o
    0x24000010   0x08000a68   0x00000008   Data   RW          210    .data               RTX_CM4.LIB(rt_task.o)
    0x24000018   0x08000a70   0x00000001   Data   RW          331    .data               RTX_CM4.LIB(hal_cm4.o)
    0x24000019   0x08000a71   0x00000003   PAD
    0x2400001c   0x08000a74   0x00000008   Data   RW          379    .data               RTX_CM4.LIB(rt_system.o)
    0x24000024   0x08000a7c   0x00000008   Data   RW          533    .data               RTX_CM4.LIB(rt_robin.o)
    0x2400002c   0x08000a84   0x00000004   Data   RW          719    .data               RTX_CM4.LIB(rt_time.o)
    0x24000030   0x08000a88   0x00000008   Data   RW          751    .data               RTX_CM4.LIB(rt_timer.o)
    0x24000038        -       0x0000123c   Zero   RW          101    .bss                rtx_conf_cm.o
    0x24001274        -       0x00000038   Zero   RW          209    .bss                RTX_CM4.LIB(rt_task.o)
    0x240012ac        -       0x00000030   Zero   RW          462    .bss                RTX_CM4.LIB(rt_list.o)
    0x240012dc        -       0x00000060   Zero   RW          778    .bss                c_w.l(libspace.o)
    0x2400133c   0x08000a90   0x00000004   PAD
    0x24001340        -       0x00000200   Zero   RW          152    HEAP                startup_stm32h743xx.o
    0x24001540        -       0x00000400   Zero   RW          151    STACK               startup_stm32h743xx.o



  Load Region LR_IROM2 (Base: 0x08100000, Size: 0x000009cc, Max: 0x00100000, ABSOLUTE)

    Execution Region ER_IROM2 (Exec base: 0x08100000, Load base: 0x08100000, Size: 0x000009cc, Max: 0x00100000, ABSOLUTE)

    Exec Addr    Load Addr    Size         Type   Attr      Idx    E Section Name        Object

    0x08100000   0x08100000   0x00000002   Code   RO          809    .ARM.Collect$$libinit$$00000000  c_w.l(libinit.o)
    0x08100002   0x08100002   0x00000004   Code   RO          812    .ARM.Collect$$libinit$$00000001  c_w.l(libinit2.o)
    0x08100006   0x08100006   0x00000000   Code   RO          815    .ARM.Collect$$libinit$$00000004  c_w.l(libinit2.o)
    0x08100006   0x08100006   0x00000000   Code   RO          818    .ARM.Collect$$libinit$$0000000A  c_w.l(libinit2.o)
    0x08100006   0x08100006   0x00000000   Code   RO          820    .ARM.Collect$$libinit$$0000000C  c_w.l(libinit2.o)
    0x08100006   0x08100006   0x00000000   Code   RO          822    .ARM.Collect$$libinit$$0000000E  c_w.l(libinit2.o)
    0x08100006   0x08100006   0x00000000   Code   RO          825    .ARM.Collect$$libinit$$00000011  c_w.l(libinit2.o)
    0x08100006   0x08100006   0x00000000   Code   RO          827    .ARM.Collect$$libinit$$00000013  c_w.l(libinit2.o)
    0x08100006   0x08100006   0x00000000   Code   RO          829    .ARM.Collect$$libinit$$00000015  c_w.l(libinit2.o)
    0x08100006   0x08100006   0x00000000   Code   RO          831    .ARM.Collect$$libinit$$00000017  c_w.l(libinit2.o)
    0x08100006   0x08100006   0x00000000   Code   RO          833    .ARM.Collect$$libinit$$00000019  c_w.l(libinit2.o)
    0x08100006   0x08100006   0x00000000   Code   RO          835    .ARM.Collect$$libinit$$0000001B  c_w.l(libinit2.o)
    0x08100006   0x08100006   0x00000000   Code   RO          837    .ARM.Collect$$libinit$$0000001D  c_w.l(libinit2.o)
    0x08100006   0x08100006   0x00000000   Code   RO          839    .ARM.Collect$$libinit$$0000001F  c_w.l(libinit2.o)
    0x08100006   0x08100006   0x00000000   Code   RO          841    .ARM.Collect$$libinit$$00000021  c_w.l(libinit2.o)
    0x08100006   0x08100006   0x00000000   Code   RO          843    .ARM.Collect$$libinit$$00000023  c_w.l(libinit2.o)
    0x08100006   0x08100006   0x00000000   Code   RO          845    .ARM.Collect$$libinit$$00000025  c_w.l(libinit2.o)
    0x08100006   0x08100006   0x00000000   Code   RO          849    .ARM.Collect$$libinit$$0000002C  c_w.l(libinit2.o)
    0x08100006   0x08100006   0x00000000   Code   RO          851    .ARM.Collect$$libinit$$0000002E  c_w.l(libinit2.o)
    0x08100006   0x08100006   0x00000000   Code   RO          853    .ARM.Collect$$libinit$$00000030  c_w.l(libinit2.o)
    0x08100006   0x08100006   0x00000000   Code   RO          855    .ARM.Collect$$libinit$$00000032  c_w.l(libinit2.o)
    0x08100006   0x08100006   0x00000002   Code   RO          856    .ARM.Collect$$libinit$$00000033  c_w.l(libinit2.o)
    0x08100008   0x08100008   0x00000002   Code   RO          810    .ARM.Collect$$rtexit$$00000000  c_w.l(rtexit.o)
    0x0810000a   0x0810000a   0x00000000   Code   RO          858    .ARM.Collect$$rtexit$$00000002  c_w.l(rtexit2.o)
    0x0810000a   0x0810000a   0x00000004   Code   RO          859    .ARM.Collect$$rtexit$$00000003  c_w.l(rtexit2.o)
    0x0810000e   0x0810000e   0x00000006   Code   RO          860    .ARM.Collect$$rtexit$$00000004  c_w.l(rtexit2.o)
    0x08100014   0x08100014   0x000001b4   Code   RO          326    .emb_text           RTX_CM4.LIB(hal_cm4.o)
    0x081001c8   0x081001c8   0x00000040   Code   RO          154    .text               startup_stm32h743xx.o
    0x08100208   0x08100208   0x00000008   Code   RO          777    .text               c_w.l(libspace.o)
    0x08100210   0x08100210   0x00000006   Code   RO          780    .text               c_w.l(heapauxi.o)
    0x08100216   0x08100216   0x0000004a   Code   RO          800    .text               c_w.l(sys_stackheap_outer.o)
    0x08100260   0x08100260   0x00000012   Code   RO          802    .text               c_w.l(exit.o)
    0x08100272   0x08100272   0x00000002   Code   RO          879    .text               c_w.l(use_no_semi.o)
    0x08100274   0x08100274   0x000000fc   Code   RO          162    i.SystemInit        system_stm32h7xx.o
    0x08100370   0x08100370   0x00000046   Code   RO          553    i._init_box         RTX_CM4.LIB(rt_membox.o)
    0x081003b6   0x081003b6   0x00000002   PAD
    0x081003b8   0x081003b8   0x00000020   Code   RO           95    i._mutex_acquire    rtx_conf_cm.o
    0x081003d8   0x081003d8   0x00000030   Code   RO          327    i.dbg_init          RTX_CM4.LIB(hal_cm4.o)
    0x08100408   0x08100408   0x00000010   Code   RO          329    i.dbg_task_switch   RTX_CM4.LIB(hal_cm4.o)
    0x08100418   0x08100418   0x00000004   Code   RO           99    i.os_idle_demon     rtx_conf_cm.o
    0x0810041c   0x0810041c   0x00000028   Code   RO          368    i.os_tick_init      RTX_CM4.LIB(rt_system.o)
    0x08100444   0x08100444   0x0000001a   Code   RO          554    i.rt_alloc_box      RTX_CM4.LIB(rt_membox.o)
    0x0810045e   0x0810045e   0x00000002   PAD
    0x08100460   0x08100460   0x00000074   Code   RO          452    i.rt_dec_dly        RTX_CM4.LIB(rt_list.o)
    0x081004d4   0x081004d4   0x00000020   Code   RO          555    i.rt_free_box       RTX_CM4.LIB(rt_membox.o)
    0x081004f4   0x081004f4   0x0000004c   Code   RO          201    i.rt_init_context   RTX_CM4.LIB(rt_task.o)
    0x08100540   0x08100540   0x00000050   Code   RO          330    i.rt_init_stack     RTX_CM4.LIB(hal_cm4.o)
    0x08100590   0x08100590   0x000000d4   Code   RO          635    i.rt_mbx_psh        RTX_CM4.LIB(rt_mailbox.o)
    0x08100664   0x08100664   0x0000007c   Code   RO          370    i.rt_pop_req        RTX_CM4.LIB(rt_system.o)
    0x081006e0   0x081006e0   0x00000048   Code   RO          456    i.rt_put_dly        RTX_CM4.LIB(rt_list.o)
    0x08100728   0x08100728   0x00000036   Code   RO          457    i.rt_put_prio       RTX_CM4.LIB(rt_list.o)
    0x0810075e   0x0810075e   0x00000002   PAD
    0x08100760   0x08100760   0x00000014   Code   RO          458    i.rt_put_rdy_first  RTX_CM4.LIB(rt_list.o)
    0x08100774   0x08100774   0x00000034   Code   RO          459    i.rt_resort_prio    RTX_CM4.LIB(rt_list.o)
    0x081007a8   0x081007a8   0x00000028   Code   RO          460    i.rt_rmv_dly        RTX_CM4.LIB(rt_list.o)
    0x081007d0   0x081007d0   0x00000024   Code   RO          373    i.rt_stk_check      RTX_CM4.LIB(rt_system.o)
    0x081007f4   0x081007f4   0x00000040   Code   RO          750    i.rt_tmr_tick       RTX_CM4.LIB(rt_timer.o)
    0x08100834   0x08100834   0x0000016c   Code   RO          205    i.rt_tsk_delete     RTX_CM4.LIB(rt_task.o)
    0x081009a0   0x081009a0   0x00000028   Data   RO          102    .constdata          rtx_conf_cm.o
    0x081009c8   0x081009c8   0x00000004   Data   RO          378    .constdata          RTX_CM4.LIB(rt_system.o)


==============================================================================

Image component sizes


      Code (inc. data)   RO Data    RW Data    ZI Data      Debug   Object Name

       340         68          0          8          0      12576   main.o
        72         12         40          8       4668       3997   rtx_conf_cm.o
        64         26        664          0       1536        900   startup_stm32h743xx.o
       252         40          0          0          0        641   system_stm32h7xx.o

    ----------------------------------------------------------------------
       730        146        736         16       6204      18114   Object Totals
         0          0         32          0          0          0   (incl. Generated)
         2          0          0          0          0          0   (incl. Padding)

    ----------------------------------------------------------------------

      Code (inc. data)   RO Data    RW Data    ZI Data      Debug   Library Member Name

       612         56          0          1          0       3045   hal_cm4.o
        76          4          0          0          0        661   rt_event.o
       442         30          0          0         48       4874   rt_list.o
       212          6          0          0          0        829   rt_mailbox.o
       128          0          0          0          0       1929   rt_membox.o
       332         12          0          0          0       1587   rt_mutex.o
        96         22          0          8          0       1142   rt_robin.o
        52          6          0          0          0        585   rt_semaphore.o
       266         42          4          8          0       3541   rt_system.o
      1104        158          0          8         56       8044   rt_task.o
         0          0          0          4          0        174   rt_time.o
        64          8          0          8          0        679   rt_timer.o
         4          4          0          0          0        168   svc_table.o
         8          0          0          0          0         68   __main.o
         0          0          0          0          0          0   __rtentry.o
        12          0          0          0          0          0   __rtentry2.o
         6          0          0          0          0          0   __rtentry4.o
        52          8          0          0          0          0   __scatter.o
        26          0          0          0          0          0   __scatter_copy.o
        28          0          0          0          0          0   __scatter_zi.o
        18          0          0          0          0         80   exit.o
         6          0          0          0          0        152   heapauxi.o
         0          0          0          0          0          0   indicate_semi.o
         2          0          0          0          0          0   libinit.o
         6          0          0          0          0          0   libinit2.o
         2          0          0          0          0          0   libshutdown.o
         2          0          0          0          0          0   libshutdown2.o
         8          4          0          0         96         68   libspace.o
         2          0          0          0          0          0   rtexit.o
        10          0          0          0          0          0   rtexit2.o
        12          4          0          0          0         68   sys_exit.o
        74          0          0          0          0         80   sys_stackheap_outer.o
         2          0          0          0          0         68   use_no_semi.o
        10          0          0          0          0        116   fpinit.o

    ----------------------------------------------------------------------
      3686        364          4         40        204      27958   Library Totals
        12          0          0          3          4          0   (incl. Padding)

    ----------------------------------------------------------------------

      Code (inc. data)   RO Data    RW Data    ZI Data      Debug   Library Name

      3388        348          4         37        104      27258   RTX_CM4.LIB
       276         16          0          0         96        584   c_w.l
        10          0          0          0          0        116   fz_wv.l

    ----------------------------------------------------------------------
      3686        364          4         40        204      27958   Library Totals

    ----------------------------------------------------------------------

==============================================================================


      Code (inc. data)   RO Data    RW Data    ZI Data      Debug   

      4416        510        740         56       6408      41916   Grand Totals
      4416        510        740         56       6408      41916   ELF Image Totals
      4416        510        740         56          0          0   ROM Totals

==============================================================================

    Total RO  Size (Code + RO Data)                 5156 (   5.04kB)
    Total RW  Size (RW Data + ZI Data)              6464 (   6.31kB)
    Total ROM Size (Code + RO Data + RW Data)       5212 (   5.09kB)

==============================================================================

